Component: ARM Compiler 5.06 update 7 (build 960) Tool: armlink [4d3601]

==============================================================================

Section Cross References

    startup_stm32l476xx.o(STACK) refers (Special) to heapauxi.o(.text) for __use_two_region_memory
    startup_stm32l476xx.o(HEAP) refers (Special) to heapauxi.o(.text) for __use_two_region_memory
    startup_stm32l476xx.o(RESET) refers (Special) to heapauxi.o(.text) for __use_two_region_memory
    startup_stm32l476xx.o(RESET) refers to startup_stm32l476xx.o(STACK) for __initial_sp
    startup_stm32l476xx.o(RESET) refers to startup_stm32l476xx.o(.text) for Reset_Handler
    startup_stm32l476xx.o(RESET) refers to stm32l4xx_it.o(i.NMI_Handler) for NMI_Handler
    startup_stm32l476xx.o(RESET) refers to stm32l4xx_it.o(i.HardFault_Handler) for HardFault_Handler
    startup_stm32l476xx.o(RESET) refers to stm32l4xx_it.o(i.MemManage_Handler) for MemManage_Handler
    startup_stm32l476xx.o(RESET) refers to stm32l4xx_it.o(i.BusFault_Handler) for BusFault_Handler
    startup_stm32l476xx.o(RESET) refers to stm32l4xx_it.o(i.UsageFault_Handler) for UsageFault_Handler
    startup_stm32l476xx.o(RESET) refers to port.o(.emb_text) for SVC_Handler
    startup_stm32l476xx.o(RESET) refers to stm32l4xx_it.o(i.DebugMon_Handler) for DebugMon_Handler
    startup_stm32l476xx.o(RESET) refers to cmsis_os2.o(i.SysTick_Handler) for SysTick_Handler
    startup_stm32l476xx.o(RESET) refers to stm32l4xx_it.o(i.DMA1_Channel6_IRQHandler) for DMA1_Channel6_IRQHandler
    startup_stm32l476xx.o(RESET) refers to stm32l4xx_it.o(i.DMA1_Channel7_IRQHandler) for DMA1_Channel7_IRQHandler
    startup_stm32l476xx.o(RESET) refers to stm32l4xx_it.o(i.I2C1_EV_IRQHandler) for I2C1_EV_IRQHandler
    startup_stm32l476xx.o(RESET) refers to stm32l4xx_it.o(i.I2C1_ER_IRQHandler) for I2C1_ER_IRQHandler
    startup_stm32l476xx.o(RESET) refers to stm32l4xx_it.o(i.TIM6_DAC_IRQHandler) for TIM6_DAC_IRQHandler
    startup_stm32l476xx.o(.text) refers (Special) to heapauxi.o(.text) for __use_two_region_memory
    startup_stm32l476xx.o(.text) refers to system_stm32l4xx.o(i.SystemInit) for SystemInit
    startup_stm32l476xx.o(.text) refers to __main.o(!!!main) for __main
    startup_stm32l476xx.o(.text) refers to startup_stm32l476xx.o(HEAP) for Heap_Mem
    startup_stm32l476xx.o(.text) refers to startup_stm32l476xx.o(STACK) for Stack_Mem
    main.o(i.HAL_TIM_PeriodElapsedCallback) refers to stm32l4xx_hal.o(i.HAL_IncTick) for HAL_IncTick
    main.o(i.MX_CRC_Init) refers to stm32l4xx_hal_crc.o(i.HAL_CRC_Init) for HAL_CRC_Init
    main.o(i.MX_CRC_Init) refers to main.o(i.Error_Handler) for Error_Handler
    main.o(i.MX_CRC_Init) refers to main.o(.bss) for hcrc
    main.o(i.MX_DMA_Init) refers to stm32l4xx_hal_cortex.o(i.HAL_NVIC_SetPriority) for HAL_NVIC_SetPriority
    main.o(i.MX_DMA_Init) refers to stm32l4xx_hal_cortex.o(i.HAL_NVIC_EnableIRQ) for HAL_NVIC_EnableIRQ
    main.o(i.MX_GPIO_Init) refers to rt_memclr_w.o(.text) for __aeabi_memclr4
    main.o(i.MX_GPIO_Init) refers to stm32l4xx_hal_gpio.o(i.HAL_GPIO_WritePin) for HAL_GPIO_WritePin
    main.o(i.MX_GPIO_Init) refers to stm32l4xx_hal_gpio.o(i.HAL_GPIO_Init) for HAL_GPIO_Init
    main.o(i.MX_USART2_UART_Init) refers to stm32l4xx_hal_uart.o(i.HAL_UART_Init) for HAL_UART_Init
    main.o(i.MX_USART2_UART_Init) refers to main.o(i.Error_Handler) for Error_Handler
    main.o(i.MX_USART2_UART_Init) refers to main.o(.bss) for huart2
    main.o(i.StartDefaultTask) refers to cmsis_os2.o(i.osDelay) for osDelay
    main.o(i.SystemClock_Config) refers to rt_memclr_w.o(.text) for __aeabi_memclr4
    main.o(i.SystemClock_Config) refers to stm32l4xx_hal_pwr_ex.o(i.HAL_PWREx_ControlVoltageScaling) for HAL_PWREx_ControlVoltageScaling
    main.o(i.SystemClock_Config) refers to main.o(i.Error_Handler) for Error_Handler
    main.o(i.SystemClock_Config) refers to stm32l4xx_hal_pwr.o(i.HAL_PWR_EnableBkUpAccess) for HAL_PWR_EnableBkUpAccess
    main.o(i.SystemClock_Config) refers to stm32l4xx_hal_rcc.o(i.HAL_RCC_OscConfig) for HAL_RCC_OscConfig
    main.o(i.SystemClock_Config) refers to stm32l4xx_hal_rcc.o(i.HAL_RCC_ClockConfig) for HAL_RCC_ClockConfig
    main.o(i.SystemClock_Config) refers to stm32l4xx_hal_rcc_ex.o(i.HAL_RCCEx_EnableMSIPLLMode) for HAL_RCCEx_EnableMSIPLLMode
    main.o(i.main) refers to stm32l4xx_hal.o(i.HAL_Init) for HAL_Init
    main.o(i.main) refers to main.o(i.SystemClock_Config) for SystemClock_Config
    main.o(i.main) refers to main.o(i.MX_GPIO_Init) for MX_GPIO_Init
    main.o(i.main) refers to main.o(i.MX_DMA_Init) for MX_DMA_Init
    main.o(i.main) refers to main.o(i.MX_CRC_Init) for MX_CRC_Init
    main.o(i.main) refers to main.o(i.MX_USART2_UART_Init) for MX_USART2_UART_Init
    main.o(i.main) refers to iks01a2_motion_sensors.o(i.IKS01A2_MOTION_SENSOR_Init) for IKS01A2_MOTION_SENSOR_Init
    main.o(i.main) refers to cmsis_os2.o(i.osKernelInitialize) for osKernelInitialize
[...]
    __rt_entry                               0x08000249   Thumb Code     0  __rtentry.o(.ARM.Collect$$rtentry$$00000000)
    __rt_entry_presh_1                       0x08000249   Thumb Code     0  __rtentry2.o(.ARM.Collect$$rtentry$$00000002)
    __rt_entry_sh                            0x08000249   Thumb Code     0  __rtentry4.o(.ARM.Collect$$rtentry$$00000004)
    __rt_entry_li                            0x0800024f   Thumb Code     0  __rtentry2.o(.ARM.Collect$$rtentry$$0000000A)
    __rt_entry_postsh_1                      0x0800024f   Thumb Code     0  __rtentry2.o(.ARM.Collect$$rtentry$$00000009)
    __rt_entry_main                          0x08000253   Thumb Code     0  __rtentry2.o(.ARM.Collect$$rtentry$$0000000D)
    __rt_entry_postli_1                      0x08000253   Thumb Code     0  __rtentry2.o(.ARM.Collect$$rtentry$$0000000C)
    __rt_exit                                0x0800025b   Thumb Code     0  rtexit.o(.ARM.Collect$$rtexit$$00000000)
    __rt_exit_ls                             0x0800025d   Thumb Code     0  rtexit2.o(.ARM.Collect$$rtexit$$00000003)
    __rt_exit_prels_1                        0x0800025d   Thumb Code     0  rtexit2.o(.ARM.Collect$$rtexit$$00000002)
    __rt_exit_exit                           0x08000261   Thumb Code     0  rtexit2.o(.ARM.Collect$$rtexit$$00000004)
    SVC_Handler                              0x08000269   Thumb Code    28  port.o(.emb_text)
    __asm___6_port_c_39a90d8d__prvStartFirstTask 0x08000289   Thumb Code    36  port.o(.emb_text)
    __asm___6_port_c_39a90d8d__prvEnableVFP  0x080002b1   Thumb Code    16  port.o(.emb_text)
    PendSV_Handler                           0x080002c5   Thumb Code    88  port.o(.emb_text)
    vPortGetIPSR                             0x08000321   Thumb Code     6  port.o(.emb_text)
    Reset_Handler                            0x08000349   Thumb Code     8  startup_stm32l476xx.o(.text)
    ADC1_2_IRQHandler                        0x08000363   Thumb Code     0  startup_stm32l476xx.o(.text)
    ADC3_IRQHandler                          0x08000363   Thumb Code     0  startup_stm32l476xx.o(.text)
    CAN1_RX0_IRQHandler                      0x08000363   Thumb Code     0  startup_stm32l476xx.o(.text)
    CAN1_RX1_IRQHandler                      0x08000363   Thumb Code     0  startup_stm32l476xx.o(.text)
    CAN1_SCE_IRQHandler                      0x08000363   Thumb Code     0  startup_stm32l476xx.o(.text)
    CAN1_TX_IRQHandler                       0x08000363   Thumb Code     0  startup_stm32l476xx.o(.text)
    COMP_IRQHandler                          0x08000363   Thumb Code     0  startup_stm32l476xx.o(.text)
    DFSDM1_FLT0_IRQHandler                   0x08000363   Thumb Code     0  startup_stm32l476xx.o(.text)
    DFSDM1_FLT1_IRQHandler                   0x08000363   Thumb Code     0  startup_stm32l476xx.o(.text)
    DFSDM1_FLT2_IRQHandler                   0x08000363   Thumb Code     0  startup_stm32l476xx.o(.text)
    DFSDM1_FLT3_IRQHandler                   0x08000363   Thumb Code     0  startup_stm32l476xx.o(.text)
    DMA1_Channel1_IRQHandler                 0x08000363   Thumb Code     0  startup_stm32l476xx.o(.text)
    DMA1_Channel2_IRQHandler                 0x08000363   Thumb Code     0  startup_stm32l476xx.o(.text)
    DMA1_Channel3_IRQHandler                 0x08000363   Thumb Code     0  startup_stm32l476xx.o(.text)
    DMA1_Channel4_IRQHandler                 0x08000363   Thumb Code     0  startup_stm32l476xx.o(.text)
    DMA1_Channel5_IRQHandler                 0x08000363   Thumb Code     0  startup_stm32l476xx.o(.text)
    DMA2_Channel1_IRQHandler                 0x08000363   Thumb Code     0  startup_stm32l476xx.o(.text)
    DMA2_Channel2_IRQHandler                 0x08000363   Thumb Code     0  startup_stm32l476xx.o(.text)
    DMA2_Channel3_IRQHandler                 0x08000363   Thumb Code     0  startup_stm32l476xx.o(.text)
    DMA2_Channel4_IRQHandler                 0x08000363   Thumb Code     0  startup_stm32l476xx.o(.text)
    DMA2_Channel5_IRQHandler                 0x08000363   Thumb Code     0  startup_stm32l476xx.o(.text)
    DMA2_Channel6_IRQHandler                 0x08000363   Thumb Code     0  startup_stm32l476xx.o(.text)
    DMA2_Channel7_IRQHandler                 0x08000363   Thumb Code     0  startup_stm32l476xx.o(.text)
    EXTI0_IRQHandler                         0x08000363   Thumb Code     0  startup_stm32l476xx.o(.text)
    EXTI15_10_IRQHandler                     0x08000363   Thumb Code     0  startup_stm32l476xx.o(.text)
    EXTI1_IRQHandler                         0x08000363   Thumb Code     0  startup_stm32l476xx.o(.text)
    EXTI2_IRQHandler                         0x08000363   Thumb Code     0  startup_stm32l476xx.o(.text)
    EXTI3_IRQHandler                         0x08000363   Thumb Code     0  startup_stm32l476xx.o(.text)
    EXTI4_IRQHandler                         0x08000363   Thumb Code     0  startup_stm32l476xx.o(.text)
    EXTI9_5_IRQHandler                       0x08000363   Thumb Code     0  startup_stm32l476xx.o(.text)
    FLASH_IRQHandler                         0x08000363   Thumb Code     0  startup_stm32l476xx.o(.text)
    FMC_IRQHandler                           0x08000363   Thumb Code     0  startup_stm32l476xx.o(.text)
    FPU_IRQHandler                           0x08000363   Thumb Code     0  startup_stm32l476xx.o(.text)
    I2C2_ER_IRQHandler                       0x08000363   Thumb Code     0  startup_stm32l476xx.o(.text)
    I2C2_EV_IRQHandler                       0x08000363   Thumb Code     0  startup_stm32l476xx.o(.text)
    I2C3_ER_IRQHandler                       0x08000363   Thumb Code     0  startup_stm32l476xx.o(.text)
    I2C3_EV_IRQHandler                       0x08000363   Thumb Code     0  startup_stm32l476xx.o(.text)
    LCD_IRQHandler                           0x08000363   Thumb Code     0  startup_stm32l476xx.o(.text)
    LPTIM1_IRQHandler                        0x08000363   Thumb Code     0  startup_stm32l476xx.o(.text)
    LPTIM2_IRQHandler                        0x08000363   Thumb Code     0  startup_stm32l476xx.o(.text)
    LPUART1_IRQHandler                       0x08000363   Thumb Code     0  startup_stm32l476xx.o(.text)
    OTG_FS_IRQHandler                        0x08000363   Thumb Code     0  startup_stm32l476xx.o(.text)
    PVD_PVM_IRQHandler                       0x08000363   Thumb Code     0  startup_stm32l476xx.o(.text)
    QUADSPI_IRQHandler                       0x08000363   Thumb Code     0  startup_stm32l476xx.o(.text)
    RCC_IRQHandler                           0x08000363   Thumb Code     0  startup_stm32l476xx.o(.text)
    RNG_IRQHandler                           0x08000363   Thumb Code     0  startup_stm32l476xx.o(.text)
    RTC_Alarm_IRQHandler                     0x08000363   Thumb Code     0  startup_stm32l476xx.o(.text)
    RTC_WKUP_IRQHandler                      0x08000363   Thumb Code     0  startup_stm32l476xx.o(.text)
    SAI1_IRQHandler                          0x08000363   Thumb Code     0  startup_stm32l476xx.o(.text)
    SAI2_IRQHandler                          0x08000363   Thumb Code     0  startup_stm32l476xx.o(.text)
    SDMMC1_IRQHandler                        0x08000363   Thumb Code     0  startup_stm32l476xx.o(.text)
    SPI1_IRQHandler                          0x08000363   Thumb Code     0  startup_stm32l476xx.o(.text)
    SPI2_IRQHandler                          0x08000363   Thumb Code     0  startup_stm32l476xx.o(.text)
    SPI3_IRQHandler                          0x08000363   Thumb Code     0  startup_stm32l476xx.o(.text)
    SWPMI1_IRQHandler                        0x08000363   Thumb Code     0  startup_stm32l476xx.o(.text)
    TAMP_STAMP_IRQHandler                    0x08000363   Thumb Code     0  startup_stm32l476xx.o(.text)
    TIM1_BRK_TIM15_IRQHandler                0x08000363   Thumb Code     0  startup_stm32l476xx.o(.text)
    TIM1_CC_IRQHandler                       0x08000363   Thumb Code     0  startup_stm32l476xx.o(.text)
    TIM1_TRG_COM_TIM17_IRQHandler            0x08000363   Thumb Code     0  startup_stm32l476xx.o(.text)
    TIM1_UP_TIM16_IRQHandler                 0x08000363   Thumb Code     0  startup_stm32l476xx.o(.text)
    TIM2_IRQHandler                          0x08000363   Thumb Code     0  startup_stm32l476xx.o(.text)
    TIM3_IRQHandler                          0x08000363   Thumb Code     0  startup_stm32l476xx.o(.text)
    TIM4_IRQHandler                          0x08000363   Thumb Code     0  startup_stm32l476xx.o(.text)
    TIM5_IRQHandler                          0x08000363   Thumb Code     0  startup_stm32l476xx.o(.text)
    TIM7_IRQHandler                          0x08000363   Thumb Code     0  startup_stm32l476xx.o(.text)
    TIM8_BRK_IRQHandler                      0x08000363   Thumb Code     0  startup_stm32l476xx.o(.text)
    TIM8_CC_IRQHandler                       0x08000363   Thumb Code     0  startup_stm32l476xx.o(.text)
    TIM8_TRG_COM_IRQHandler                  0x08000363   Thumb Code     0  startup_stm32l476xx.o(.text)
    TIM8_UP_IRQHandler                       0x08000363   Thumb Code     0  startup_stm32l476xx.o(.text)
    TSC_IRQHandler                           0x08000363   Thumb Code     0  startup_stm32l476xx.o(.text)
    UART4_IRQHandler                         0x08000363   Thumb Code     0  startup_stm32l476xx.o(.text)
    UART5_IRQHandler                         0x08000363   Thumb Code     0  startup_stm32l476xx.o(.text)
    USART1_IRQHandler                        0x08000363   Thumb Code     0  startup_stm32l476xx.o(.text)
    USART2_IRQHandler                        0x08000363   Thumb Code     0  startup_stm32l476xx.o(.text)
    USART3_IRQHandler                        0x08000363   Thumb Code     0  startup_stm32l476xx.o(.text)
    WWDG_IRQHandler                          0x08000363   Thumb Code     0  startup_stm32l476xx.o(.text)
    __user_initial_stackheap                 0x08000365   Thumb Code     0  startup_stm32l476xx.o(.text)
    __aeabi_uldivmod                         0x08000389   Thumb Code     0  lludivv7m.o(.text)
    _ll_udiv                                 0x08000389   Thumb Code   238  lludivv7m.o(.text)
    __aeabi_memcpy                           0x08000477   Thumb Code     0  rt_memcpy_v6.o(.text)
    __rt_memcpy                              0x08000477   Thumb Code   138  rt_memcpy_v6.o(.text)
    _memcpy_lastbytes                        0x080004dd   Thumb Code     0  rt_memcpy_v6.o(.text)
    __aeabi_memset                           0x08000501   Thumb Code    16  aeabi_memset.o(.text)
    __aeabi_memclr4                          0x08000511   Thumb Code     0  rt_memclr_w.o(.text)
    __aeabi_memclr8                          0x08000511   Thumb Code     0  rt_memclr_w.o(.text)
    __rt_memclr_w                            0x08000511   Thumb Code    78  rt_memclr_w.o(.text)
    _memset_w                                0x08000515   Thumb Code     0  rt_memclr_w.o(.text)
    __use_two_region_memory                  0x0800055f   Thumb Code     2  heapauxi.o(.text)
    __rt_heap_escrow$2region                 0x08000561   Thumb Code     2  heapauxi.o(.text)
    __rt_heap_expand$2region                 0x08000563   Thumb Code     2  heapauxi.o(.text)
    __aeabi_memcpy4                          0x08000565   Thumb Code     0  rt_memcpy_w.o(.text)
    __aeabi_memcpy8                          0x08000565   Thumb Code     0  rt_memcpy_w.o(.text)
    __rt_memcpy_w                            0x08000565   Thumb Code   100  rt_memcpy_w.o(.text)
    _memcpy_lastbytes_aligned                0x080005ad   Thumb Code     0  rt_memcpy_w.o(.text)
    __aeabi_memclr                           0x080005c9   Thumb Code     0  rt_memclr.o(.text)
    __rt_memclr                              0x080005c9   Thumb Code    68  rt_memclr.o(.text)
    _memset                                  0x080005cd   Thumb Code     0  rt_memclr.o(.text)
    __user_setup_stackheap                   0x0800060d   Thumb Code    74  sys_stackheap_outer.o(.text)
    exit                                     0x08000657   Thumb Code    18  exit.o(.text)
    __user_libspace                          0x08000669   Thumb Code     8  libspace.o(.text)
    __user_perproc_libspace                  0x08000669   Thumb Code     0  libspace.o(.text)
    __user_perthread_libspace                0x08000669   Thumb Code     0  libspace.o(.text)
    _sys_exit                                0x08000671   Thumb Code     8  sys_exit.o(.text)
    __I$use$semihosting                      0x0800067d   Thumb Code     0  use_no_semi.o(.text)
    __use_no_semihosting_swi                 0x0800067d   Thumb Code     2  use_no_semi.o(.text)
    BSP_GetTick                              0x0800067f   Thumb Code     8  custom_bus.o(i.BSP_GetTick)
    __semihosting_library_function           0x0800067f   Thumb Code     0  indicate_semi.o(.text)
    BSP_I2C1_DeInit                          0x08000689   Thumb Code    44  custom_bus.o(i.BSP_I2C1_DeInit)
    BSP_I2C1_Init                            0x080006bd   Thumb Code    76  custom_bus.o(i.BSP_I2C1_Init)
    BSP_I2C1_ReadReg                         0x08000715   Thumb Code    66  custom_bus.o(i.BSP_I2C1_ReadReg)
    BSP_I2C1_WriteReg                        0x08000765   Thumb Code    66  custom_bus.o(i.BSP_I2C1_WriteReg)
    BusFault_Handler                         0x080007b3   Thumb Code     4  stm32l4xx_it.o(i.BusFault_Handler)
    DMA1_Channel6_IRQHandler                 0x080007b9   Thumb Code    10  stm32l4xx_it.o(i.DMA1_Channel6_IRQHandler)
    DMA1_Channel7_IRQHandler                 0x080007c9   Thumb Code    10  stm32l4xx_it.o(i.DMA1_Channel7_IRQHandler)
    DebugMon_Handler                         0x080007d9   Thumb Code     2  stm32l4xx_it.o(i.DebugMon_Handler)
    Error_Handler                            0x080007db   Thumb Code     6  main.o(i.Error_Handler)
    HAL_CRCEx_Polynomial_Set                 0x080007e1   Thumb Code   102  stm32l4xx_hal_crc_ex.o(i.HAL_CRCEx_Polynomial_Set)
    HAL_CRC_Init                             0x08000849   Thumb Code   128  stm32l4xx_hal_crc.o(i.HAL_CRC_Init)
    HAL_CRC_MspInit                          0x080008cd   Thumb Code    40  stm32l4xx_hal_msp.o(i.HAL_CRC_MspInit)
    HAL_DMA_Abort_IT                         0x080008fd   Thumb Code    92  stm32l4xx_hal_dma.o(i.HAL_DMA_Abort_IT)
    HAL_DMA_DeInit                           0x08000959   Thumb Code   188  stm32l4xx_hal_dma.o(i.HAL_DMA_DeInit)
    HAL_DMA_GetState                         0x08000a1d   Thumb Code     8  stm32l4xx_hal_dma.o(i.HAL_DMA_GetState)
    HAL_DMA_IRQHandler                       0x08000a25   Thumb Code   254  stm32l4xx_hal_dma.o(i.HAL_DMA_IRQHandler)
    HAL_DMA_Init                             0x08000b25   Thumb Code   258  stm32l4xx_hal_dma.o(i.HAL_DMA_Init)
    HAL_GPIO_DeInit                          0x08000c31   Thumb Code   296  stm32l4xx_hal_gpio.o(i.HAL_GPIO_DeInit)
    HAL_GPIO_Init                            0x08000d79   Thumb Code   470  stm32l4xx_hal_gpio.o(i.HAL_GPIO_Init)
    HAL_GPIO_WritePin                        0x08000f75   Thumb Code    10  stm32l4xx_hal_gpio.o(i.HAL_GPIO_WritePin)
    HAL_GetTick                              0x08000f81   Thumb Code     6  stm32l4xx_hal.o(i.HAL_GetTick)
    HAL_I2CEx_ConfigAnalogFilter             0x08000f8d   Thumb Code   106  stm32l4xx_hal_i2c_ex.o(i.HAL_I2CEx_ConfigAnalogFilter)
    HAL_I2CEx_ConfigDigitalFilter            0x08000ff7   Thumb Code   104  stm32l4xx_hal_i2c_ex.o(i.HAL_I2CEx_ConfigDigitalFilter)
    HAL_I2C_AbortCpltCallback                0x0800105f   Thumb Code     2  stm32l4xx_hal_i2c.o(i.HAL_I2C_AbortCpltCallback)
    HAL_I2C_AddrCallback                     0x08001061   Thumb Code     2  stm32l4xx_hal_i2c.o(i.HAL_I2C_AddrCallback)
    HAL_I2C_DeInit                           0x08001063   Thumb Code    60  stm32l4xx_hal_i2c.o(i.HAL_I2C_DeInit)
    HAL_I2C_ER_IRQHandler                    0x0800109f   Thumb Code   118  stm32l4xx_hal_i2c.o(i.HAL_I2C_ER_IRQHandler)
    HAL_I2C_EV_IRQHandler                    0x08001115   Thumb Code    28  stm32l4xx_hal_i2c.o(i.HAL_I2C_EV_IRQHandler)
    HAL_I2C_ErrorCallback                    0x08001131   Thumb Code     2  stm32l4xx_hal_i2c.o(i.HAL_I2C_ErrorCallback)
    HAL_I2C_GetError                         0x08001133   Thumb Code     6  stm32l4xx_hal_i2c.o(i.HAL_I2C_GetError)
    HAL_I2C_GetState                         0x08001139   Thumb Code     8  stm32l4xx_hal_i2c.o(i.HAL_I2C_GetState)
    HAL_I2C_Init                             0x08001141   Thumb Code   192  stm32l4xx_hal_i2c.o(i.HAL_I2C_Init)
    HAL_I2C_ListenCpltCallback               0x08001205   Thumb Code     2  stm32l4xx_hal_i2c.o(i.HAL_I2C_ListenCpltCallback)
    HAL_I2C_Mem_Read                         0x08001209   Thumb Code   408  stm32l4xx_hal_i2c.o(i.HAL_I2C_Mem_Read)
    HAL_I2C_Mem_Write                        0x080013b1   Thumb Code   402  stm32l4xx_hal_i2c.o(i.HAL_I2C_Mem_Write)
    HAL_I2C_MspDeInit                        0x0800154f   Thumb Code     2  stm32l4xx_hal_i2c.o(i.HAL_I2C_MspDeInit)
    HAL_I2C_MspInit                          0x08001551   Thumb Code     2  stm32l4xx_hal_i2c.o(i.HAL_I2C_MspInit)
    HAL_I2C_SlaveRxCpltCallback              0x08001553   Thumb Code     2  stm32l4xx_hal_i2c.o(i.HAL_I2C_SlaveRxCpltCallback)
    HAL_I2C_SlaveTxCpltCallback              0x08001555   Thumb Code     2  stm32l4xx_hal_i2c.o(i.HAL_I2C_SlaveTxCpltCallback)
    HAL_IncTick                              0x08001559   Thumb Code    16  stm32l4xx_hal.o(i.HAL_IncTick)
    HAL_Init                                 0x08001571   Thumb Code    30  stm32l4xx_hal.o(i.HAL_Init)
    HAL_InitTick                             0x08001591   Thumb Code   154  stm32l4xx_hal_timebase_tim.o(i.HAL_InitTick)
    HAL_MspInit                              0x08001641   Thumb Code    68  stm32l4xx_hal_msp.o(i.HAL_MspInit)
    HAL_NVIC_DisableIRQ                      0x08001689   Thumb Code    62  stm32l4xx_hal_cortex.o(i.HAL_NVIC_DisableIRQ)
    HAL_NVIC_EnableIRQ                       0x080016cd   Thumb Code    40  stm32l4xx_hal_cortex.o(i.HAL_NVIC_EnableIRQ)
    HAL_NVIC_SetPriority                     0x080016f5   Thumb Code   124  stm32l4xx_hal_cortex.o(i.HAL_NVIC_SetPriority)
    HAL_NVIC_SetPriorityGrouping             0x08001779   Thumb Code    32  stm32l4xx_hal_cortex.o(i.HAL_NVIC_SetPriorityGrouping)
    HAL_PWREx_ControlVoltageScaling          0x080017a1   Thumb Code   128  stm32l4xx_hal_pwr_ex.o(i.HAL_PWREx_ControlVoltageScaling)
    HAL_PWREx_GetVoltageRange                0x0800182d   Thumb Code    10  stm32l4xx_hal_pwr_ex.o(i.HAL_PWREx_GetVoltageRange)
    HAL_PWR_EnableBkUpAccess                 0x0800183d   Thumb Code    14  stm32l4xx_hal_pwr.o(i.HAL_PWR_EnableBkUpAccess)
    HAL_RCCEx_EnableMSIPLLMode               0x08001851   Thumb Code    14  stm32l4xx_hal_rcc_ex.o(i.HAL_RCCEx_EnableMSIPLLMode)
    HAL_RCCEx_PeriphCLKConfig                0x08001865   Thumb Code  1230  stm32l4xx_hal_rcc_ex.o(i.HAL_RCCEx_PeriphCLKConfig)
    HAL_RCC_ClockConfig                      0x08001d39   Thumb Code   414  stm32l4xx_hal_rcc.o(i.HAL_RCC_ClockConfig)
    HAL_RCC_GetClockConfig                   0x08001eed   Thumb Code    58  stm32l4xx_hal_rcc.o(i.HAL_RCC_GetClockConfig)
    HAL_RCC_GetHCLKFreq                      0x08001f31   Thumb Code     6  stm32l4xx_hal_rcc.o(i.HAL_RCC_GetHCLKFreq)
    HAL_RCC_GetPCLK1Freq                     0x08001f3d   Thumb Code    26  stm32l4xx_hal_rcc.o(i.HAL_RCC_GetPCLK1Freq)
    HAL_RCC_GetPCLK2Freq                     0x08001f61   Thumb Code    26  stm32l4xx_hal_rcc.o(i.HAL_RCC_GetPCLK2Freq)
    HAL_RCC_GetSysClockFreq                  0x08001f85   Thumb Code   220  stm32l4xx_hal_rcc.o(i.HAL_RCC_GetSysClockFreq)
    HAL_RCC_OscConfig                        0x08002071   Thumb Code  1750  stm32l4xx_hal_rcc.o(i.HAL_RCC_OscConfig)
    HAL_TIMEx_Break2Callback                 0x08002759   Thumb Code     2  stm32l4xx_hal_tim_ex.o(i.HAL_TIMEx_Break2Callback)
    HAL_TIMEx_BreakCallback                  0x0800275b   Thumb Code     2  stm32l4xx_hal_tim_ex.o(i.HAL_TIMEx_BreakCallback)
    HAL_TIMEx_CommutCallback                 0x0800275d   Thumb Code     2  stm32l4xx_hal_tim_ex.o(i.HAL_TIMEx_CommutCallback)
    HAL_TIM_Base_Init                        0x0800275f   Thumb Code   110  stm32l4xx_hal_tim.o(i.HAL_TIM_Base_Init)
    HAL_TIM_Base_MspInit                     0x080027cd   Thumb Code     2  stm32l4xx_hal_tim.o(i.HAL_TIM_Base_MspInit)
    HAL_TIM_Base_Start_IT                    0x080027d1   Thumb Code   138  stm32l4xx_hal_tim.o(i.HAL_TIM_Base_Start_IT)
    HAL_TIM_IC_CaptureCallback               0x08002879   Thumb Code     2  stm32l4xx_hal_tim.o(i.HAL_TIM_IC_CaptureCallback)
    HAL_TIM_IRQHandler                       0x0800287b   Thumb Code   440  stm32l4xx_hal_tim.o(i.HAL_TIM_IRQHandler)
    HAL_TIM_OC_DelayElapsedCallback          0x08002a33   Thumb Code     2  stm32l4xx_hal_tim.o(i.HAL_TIM_OC_DelayElapsedCallback)
    HAL_TIM_PWM_PulseFinishedCallback        0x08002a35   Thumb Code     2  stm32l4xx_hal_tim.o(i.HAL_TIM_PWM_PulseFinishedCallback)
    HAL_TIM_PeriodElapsedCallback            0x08002a39   Thumb Code    18  main.o(i.HAL_TIM_PeriodElapsedCallback)
    HAL_TIM_TriggerCallback                  0x08002a51   Thumb Code     2  stm32l4xx_hal_tim.o(i.HAL_TIM_TriggerCallback)
    HAL_UART_Init                            0x08002a53   Thumb Code   116  stm32l4xx_hal_uart.o(i.HAL_UART_Init)
    HAL_UART_MspInit                         0x08002ac9   Thumb Code   138  stm32l4xx_hal_msp.o(i.HAL_UART_MspInit)
    HardFault_Handler                        0x08002b5d   Thumb Code     4  stm32l4xx_it.o(i.HardFault_Handler)
    I2C1_ER_IRQHandler                       0x08002b61   Thumb Code    10  stm32l4xx_it.o(i.I2C1_ER_IRQHandler)
    I2C1_EV_IRQHandler                       0x08002b71   Thumb Code    10  stm32l4xx_it.o(i.I2C1_EV_IRQHandler)
    IKS01A2_MOTION_SENSOR_Init               0x08003715   Thumb Code   364  iks01a2_motion_sensors.o(i.IKS01A2_MOTION_SENSOR_Init)
    LSM303AGR_ACC_DeInit                     0x08003995   Thumb Code    32  lsm303agr.o(i.LSM303AGR_ACC_DeInit)
    LSM303AGR_ACC_Disable                    0x080039b5   Thumb Code    62  lsm303agr.o(i.LSM303AGR_ACC_Disable)
    LSM303AGR_ACC_Enable                     0x080039f3   Thumb Code    46  lsm303agr.o(i.LSM303AGR_ACC_Enable)
    LSM303AGR_ACC_GetAxes                    0x08003a21   Thumb Code   134  lsm303agr.o(i.LSM303AGR_ACC_GetAxes)
    LSM303AGR_ACC_GetAxesRaw                 0x08003aad   Thumb Code   130  lsm303agr.o(i.LSM303AGR_ACC_GetAxesRaw)
    LSM303AGR_ACC_GetCapabilities            0x08003b31   Thumb Code    50  lsm303agr.o(i.LSM303AGR_ACC_GetCapabilities)
    LSM303AGR_ACC_GetFullScale               0x08003b6d   Thumb Code    80  lsm303agr.o(i.LSM303AGR_ACC_GetFullScale)
    LSM303AGR_ACC_GetOutputDataRate          0x08003bbd   Thumb Code   304  lsm303agr.o(i.LSM303AGR_ACC_GetOutputDataRate)
    LSM303AGR_ACC_GetSensitivity             0x08003d0d   Thumb Code   106  lsm303agr.o(i.LSM303AGR_ACC_GetSensitivity)
    LSM303AGR_ACC_Init                       0x08003ec9   Thumb Code    92  lsm303agr.o(i.LSM303AGR_ACC_Init)
    LSM303AGR_ACC_ReadID                     0x08003f25   Thumb Code    28  lsm303agr.o(i.LSM303AGR_ACC_ReadID)
    LSM303AGR_ACC_RegisterBusIO              0x08003f41   Thumb Code   118  lsm303agr.o(i.LSM303AGR_ACC_RegisterBusIO)
    LSM303AGR_ACC_SetFullScale               0x08003fc1   Thumb Code    56  lsm303agr.o(i.LSM303AGR_ACC_SetFullScale)
    LSM303AGR_ACC_SetOutputDataRate          0x08003ff9   Thumb Code    48  lsm303agr.o(i.LSM303AGR_ACC_SetOutputDataRate)
    LSM303AGR_ACC_Write_Reg                  0x08004151   Thumb Code    32  lsm303agr.o(i.LSM303AGR_ACC_Write_Reg)
    LSM303AGR_MAG_DeInit                     0x08004275   Thumb Code    28  lsm303agr.o(i.LSM303AGR_MAG_DeInit)
    LSM303AGR_MAG_Disable                    0x08004291   Thumb Code    42  lsm303agr.o(i.LSM303AGR_MAG_Disable)
    LSM303AGR_MAG_Enable                     0x080042bb   Thumb Code    44  lsm303agr.o(i.LSM303AGR_MAG_Enable)
    LSM303AGR_MAG_GetAxes                    0x080042e7   Thumb Code   120  lsm303agr.o(i.LSM303AGR_MAG_GetAxes)
    LSM303AGR_MAG_GetAxesRaw                 0x0800435f   Thumb Code    46  lsm303agr.o(i.LSM303AGR_MAG_GetAxesRaw)
    LSM303AGR_MAG_GetCapabilities            0x0800438d   Thumb Code    52  lsm303agr.o(i.LSM303AGR_MAG_GetCapabilities)
    LSM303AGR_MAG_GetFullScale               0x080043c9   Thumb Code    10  lsm303agr.o(i.LSM303AGR_MAG_GetFullScale)
    LSM303AGR_MAG_GetOutputDataRate          0x080043d5   Thumb Code    96  lsm303agr.o(i.LSM303AGR_MAG_GetOutputDataRate)
    LSM303AGR_MAG_GetSensitivity             0x0800443d   Thumb Code    14  lsm303agr.o(i.LSM303AGR_MAG_GetSensitivity)
    LSM303AGR_MAG_Init                       0x0800444b   Thumb Code    86  lsm303agr.o(i.LSM303AGR_MAG_Init)
    LSM303AGR_MAG_ReadID                     0x080044a1   Thumb Code    28  lsm303agr.o(i.LSM303AGR_MAG_ReadID)
    LSM303AGR_MAG_RegisterBusIO              0x080044bd   Thumb Code   106  lsm303agr.o(i.LSM303AGR_MAG_RegisterBusIO)
    LSM303AGR_MAG_SetFullScale               0x08004531   Thumb Code     6  lsm303agr.o(i.LSM303AGR_MAG_SetFullScale)
    LSM303AGR_MAG_SetOutputDataRate          0x08004539   Thumb Code    96  lsm303agr.o(i.LSM303AGR_MAG_SetOutputDataRate)
    LSM6DSL_ACC_Disable                      0x080046cd   Thumb Code    62  lsm6dsl.o(i.LSM6DSL_ACC_Disable)
    LSM6DSL_ACC_Enable                       0x0800470b   Thumb Code    46  lsm6dsl.o(i.LSM6DSL_ACC_Enable)
    LSM6DSL_ACC_GetAxes                      0x08004739   Thumb Code   136  lsm6dsl.o(i.LSM6DSL_ACC_GetAxes)
    LSM6DSL_ACC_GetAxesRaw                   0x080047c5   Thumb Code    46  lsm6dsl.o(i.LSM6DSL_ACC_GetAxesRaw)
    LSM6DSL_ACC_GetFullScale                 0x080047f3   Thumb Code    80  lsm6dsl.o(i.LSM6DSL_ACC_GetFullScale)
    LSM6DSL_ACC_GetOutputDataRate            0x08004845   Thumb Code   180  lsm6dsl.o(i.LSM6DSL_ACC_GetOutputDataRate)
    LSM6DSL_ACC_GetSensitivity               0x08004921   Thumb Code    96  lsm6dsl.o(i.LSM6DSL_ACC_GetSensitivity)
    LSM6DSL_ACC_SetFullScale                 0x08004991   Thumb Code    56  lsm6dsl.o(i.LSM6DSL_ACC_SetFullScale)
    LSM6DSL_ACC_SetOutputDataRate            0x080049c9   Thumb Code    48  lsm6dsl.o(i.LSM6DSL_ACC_SetOutputDataRate)
    LSM6DSL_DeInit                           0x08004bad   Thumb Code    48  lsm6dsl.o(i.LSM6DSL_DeInit)
    LSM6DSL_GYRO_Disable                     0x08004bdd   Thumb Code    62  lsm6dsl.o(i.LSM6DSL_GYRO_Disable)
    LSM6DSL_GYRO_Enable                      0x08004c1b   Thumb Code    46  lsm6dsl.o(i.LSM6DSL_GYRO_Enable)
    LSM6DSL_GYRO_GetAxes                     0x08004c49   Thumb Code   128  lsm6dsl.o(i.LSM6DSL_GYRO_GetAxes)
    LSM6DSL_GYRO_GetAxesRaw                  0x08004cc9   Thumb Code    46  lsm6dsl.o(i.LSM6DSL_GYRO_GetAxesRaw)
    LSM6DSL_GYRO_GetFullScale                0x08004cf7   Thumb Code    92  lsm6dsl.o(i.LSM6DSL_GYRO_GetFullScale)
    LSM6DSL_GYRO_GetOutputDataRate           0x08004d55   Thumb Code   170  lsm6dsl.o(i.LSM6DSL_GYRO_GetOutputDataRate)
    LSM6DSL_GYRO_GetSensitivity              0x08004e25   Thumb Code   106  lsm6dsl.o(i.LSM6DSL_GYRO_GetSensitivity)
    LSM6DSL_GYRO_SetFullScale                0x08004ea5   Thumb Code    68  lsm6dsl.o(i.LSM6DSL_GYRO_SetFullScale)
    LSM6DSL_GYRO_SetOutputDataRate           0x08004ee9   Thumb Code    48  lsm6dsl.o(i.LSM6DSL_GYRO_SetOutputDataRate)
    LSM6DSL_GetCapabilities                  0x080050cd   Thumb Code    54  lsm6dsl.o(i.LSM6DSL_GetCapabilities)
    LSM6DSL_Init                             0x0800510d   Thumb Code   152  lsm6dsl.o(i.LSM6DSL_Init)
    LSM6DSL_ReadID                           0x080051a5   Thumb Code    28  lsm6dsl.o(i.LSM6DSL_ReadID)
    LSM6DSL_RegisterBusIO                    0x080051c1   Thumb Code   118  lsm6dsl.o(i.LSM6DSL_RegisterBusIO)
    LSM6DSL_Write_Reg                        0x08005241   Thumb Code    32  lsm6dsl.o(i.LSM6DSL_Write_Reg)
    MX_I2C1_Init                             0x08005395   Thumb Code    72  custom_bus.o(i.MX_I2C1_Init)
    MemManage_Handler                        0x08005421   Thumb Code     4  stm32l4xx_it.o(i.MemManage_Handler)
    NMI_Handler                              0x08005425   Thumb Code     4  stm32l4xx_it.o(i.NMI_Handler)
    StartDefaultTask                         0x08005845   Thumb Code    10  main.o(i.StartDefaultTask)
    SysTick_Handler                          0x0800584f   Thumb Code    22  cmsis_os2.o(i.SysTick_Handler)
    SystemClock_Config                       0x08005865   Thumb Code   124  main.o(i.SystemClock_Config)
    SystemInit                               0x080058e5   Thumb Code    14  system_stm32l4xx.o(i.SystemInit)
    TIM6_DAC_IRQHandler                      0x080058f9   Thumb Code    10  stm32l4xx_it.o(i.TIM6_DAC_IRQHandler)
    TIM_Base_SetConfig                       0x08005909   Thumb Code   170  stm32l4xx_hal_tim.o(i.TIM_Base_SetConfig)
    UART_AdvFeatureConfig                    0x080059d5   Thumb Code   248  stm32l4xx_hal_uart.o(i.UART_AdvFeatureConfig)
    UART_CheckIdleState                      0x08005acd   Thumb Code   114  stm32l4xx_hal_uart.o(i.UART_CheckIdleState)
    UART_SetConfig                           0x08005b41   Thumb Code   836  stm32l4xx_hal_uart.o(i.UART_SetConfig)
    UART_WaitOnFlagUntilTimeout              0x08005eaf   Thumb Code   248  stm32l4xx_hal_uart.o(i.UART_WaitOnFlagUntilTimeout)
    UsageFault_Handler                       0x08005fa7   Thumb Code     4  stm32l4xx_it.o(i.UsageFault_Handler)
    lsm303agr_acceleration_raw_get           0x0800607b   Thumb Code    84  lsm303agr_reg.o(i.lsm303agr_acceleration_raw_get)
    lsm303agr_mag_block_data_update_set      0x080060cf   Thumb Code    50  lsm303agr_reg.o(i.lsm303agr_mag_block_data_update_set)
    lsm303agr_mag_data_rate_get              0x08006101   Thumb Code    80  lsm303agr_reg.o(i.lsm303agr_mag_data_rate_get)
    lsm303agr_mag_data_rate_set              0x08006151   Thumb Code    50  lsm303agr_reg.o(i.lsm303agr_mag_data_rate_set)
    lsm303agr_mag_device_id_get              0x08006183   Thumb Code    24  lsm303agr_reg.o(i.lsm303agr_mag_device_id_get)
    lsm303agr_mag_i2c_interface_set          0x0800619b   Thumb Code    50  lsm303agr_reg.o(i.lsm303agr_mag_i2c_interface_set)
    lsm303agr_mag_operating_mode_set         0x080061cd   Thumb Code    50  lsm303agr_reg.o(i.lsm303agr_mag_operating_mode_set)
    lsm303agr_mag_self_test_set              0x080061ff   Thumb Code    50  lsm303agr_reg.o(i.lsm303agr_mag_self_test_set)
    lsm303agr_magnetic_raw_get               0x08006231   Thumb Code    84  lsm303agr_reg.o(i.lsm303agr_magnetic_raw_get)
    lsm303agr_read_reg                       0x08006285   Thumb Code    34  lsm303agr_reg.o(i.lsm303agr_read_reg)
    lsm303agr_write_reg                      0x080062a7   Thumb Code    34  lsm303agr_reg.o(i.lsm303agr_write_reg)
    lsm303agr_xl_block_data_update_set       0x080062c9   Thumb Code    50  lsm303agr_reg.o(i.lsm303agr_xl_block_data_update_set)
    lsm303agr_xl_data_rate_get               0x080062fb   Thumb Code   116  lsm303agr_reg.o(i.lsm303agr_xl_data_rate_get)
    lsm303agr_xl_data_rate_set               0x0800636f   Thumb Code    50  lsm303agr_reg.o(i.lsm303agr_xl_data_rate_set)
    lsm303agr_xl_device_id_get               0x080063a1   Thumb Code    24  lsm303agr_reg.o(i.lsm303agr_xl_device_id_get)
    lsm303agr_xl_fifo_mode_set               0x080063b9   Thumb Code    50  lsm303agr_reg.o(i.lsm303agr_xl_fifo_mode_set)
    lsm303agr_xl_full_scale_get              0x080063eb   Thumb Code    80  lsm303agr_reg.o(i.lsm303agr_xl_full_scale_get)
    lsm303agr_xl_full_scale_set              0x0800643b   Thumb Code    50  lsm303agr_reg.o(i.lsm303agr_xl_full_scale_set)
    lsm303agr_xl_operating_mode_get          0x0800646d   Thumb Code    76  lsm303agr_reg.o(i.lsm303agr_xl_operating_mode_get)
    lsm6dsl_acceleration_raw_get             0x080064b9   Thumb Code    84  lsm6dsl_reg.o(i.lsm6dsl_acceleration_raw_get)
    lsm6dsl_angular_rate_raw_get             0x0800650d   Thumb Code    84  lsm6dsl_reg.o(i.lsm6dsl_angular_rate_raw_get)
    lsm6dsl_auto_increment_set               0x08006561   Thumb Code    50  lsm6dsl_reg.o(i.lsm6dsl_auto_increment_set)
    lsm6dsl_block_data_update_set            0x08006593   Thumb Code    50  lsm6dsl_reg.o(i.lsm6dsl_block_data_update_set)
    lsm6dsl_device_id_get                    0x080065c5   Thumb Code    24  lsm6dsl_reg.o(i.lsm6dsl_device_id_get)
    lsm6dsl_fifo_mode_set                    0x080065dd   Thumb Code    50  lsm6dsl_reg.o(i.lsm6dsl_fifo_mode_set)
    lsm6dsl_gy_data_rate_get                 0x0800660f   Thumb Code   124  lsm6dsl_reg.o(i.lsm6dsl_gy_data_rate_get)
    lsm6dsl_gy_data_rate_set                 0x0800668b   Thumb Code    50  lsm6dsl_reg.o(i.lsm6dsl_gy_data_rate_set)
    lsm6dsl_gy_full_scale_get                0x080066bd   Thumb Code    86  lsm6dsl_reg.o(i.lsm6dsl_gy_full_scale_get)
    lsm6dsl_gy_full_scale_set                0x08006713   Thumb Code    50  lsm6dsl_reg.o(i.lsm6dsl_gy_full_scale_set)
    lsm6dsl_read_reg                         0x08006745   Thumb Code    34  lsm6dsl_reg.o(i.lsm6dsl_read_reg)
    lsm6dsl_write_reg                        0x08006767   Thumb Code    34  lsm6dsl_reg.o(i.lsm6dsl_write_reg)
    lsm6dsl_xl_data_rate_get                 0x08006789   Thumb Code   130  lsm6dsl_reg.o(i.lsm6dsl_xl_data_rate_get)
    lsm6dsl_xl_data_rate_set                 0x0800680b   Thumb Code    50  lsm6dsl_reg.o(i.lsm6dsl_xl_data_rate_set)
    lsm6dsl_xl_full_scale_get                0x0800683d   Thumb Code    80  lsm6dsl_reg.o(i.lsm6dsl_xl_full_scale_get)
    lsm6dsl_xl_full_scale_set                0x0800688d   Thumb Code    50  lsm6dsl_reg.o(i.lsm6dsl_xl_full_scale_set)
    main                                     0x080068c1   Thumb Code    58  main.o(i.main)
    osDelay                                  0x08006909   Thumb Code    30  cmsis_os2.o(i.osDelay)
    osKernelInitialize                       0x08006929   Thumb Code    38  cmsis_os2.o(i.osKernelInitialize)
    osKernelStart                            0x08006955   Thumb Code    82  cmsis_os2.o(i.osKernelStart)
    osThreadNew                              0x080069b5   Thumb Code   184  cmsis_os2.o(i.osThreadNew)
    pvPortMalloc                             0x08007499   Thumb Code   306  heap_4.o(i.pvPortMalloc)
    pxPortInitialiseStack                    0x080075e5   Thumb Code    38  port.o(i.pxPortInitialiseStack)
    uxListRemove                             0x08007611   Thumb Code    40  list.o(i.uxListRemove)
    vApplicationGetIdleTaskMemory            0x08007639   Thumb Code    14  cmsis_os2.o(i.vApplicationGetIdleTaskMemory)
    vApplicationGetTimerTaskMemory           0x08007651   Thumb Code    16  cmsis_os2.o(i.vApplicationGetTimerTaskMemory)
    vListInitialise                          0x08007669   Thumb Code    26  list.o(i.vListInitialise)
    vListInitialiseItem                      0x08007683   Thumb Code     6  list.o(i.vListInitialiseItem)
    vListInsert                              0x08007689   Thumb Code    52  list.o(i.vListInsert)
    vListInsertEnd                           0x080076bd   Thumb Code    24  list.o(i.vListInsertEnd)
    vPortEnterCritical                       0x080076d5   Thumb Code    76  port.o(i.vPortEnterCritical)
    vPortExitCritical                        0x08007729   Thumb Code    56  port.o(i.vPortExitCritical)
    vPortFree                                0x08007765   Thumb Code   150  heap_4.o(i.vPortFree)
    vPortSetupTimerInterrupt                 0x08007809   Thumb Code    36  port.o(i.vPortSetupTimerInterrupt)
    vPortValidateInterruptPriority           0x08007831   Thumb Code   106  port.o(i.vPortValidateInterruptPriority)
    vQueueAddToRegistry                      0x080078a9   Thumb Code    38  queue.o(i.vQueueAddToRegistry)
    vQueueWaitForMessageRestricted           0x080078d5   Thumb Code    74  queue.o(i.vQueueWaitForMessageRestricted)
    vTaskDelay                               0x08007921   Thumb Code    82  tasks.o(i.vTaskDelay)
    vTaskInternalSetTimeOutState             0x0800797d   Thumb Code    14  tasks.o(i.vTaskInternalSetTimeOutState)
    vTaskMissedYield                         0x08007995   Thumb Code     8  tasks.o(i.vTaskMissedYield)
    vTaskPlaceOnEventList                    0x080079a1   Thumb Code    52  tasks.o(i.vTaskPlaceOnEventList)
    vTaskPlaceOnEventListRestricted          0x080079d9   Thumb Code    60  tasks.o(i.vTaskPlaceOnEventListRestricted)
    vTaskStartScheduler                      0x08007a19   Thumb Code   156  tasks.o(i.vTaskStartScheduler)
    vTaskSuspendAll                          0x08007ad1   Thumb Code    12  tasks.o(i.vTaskSuspendAll)
    vTaskSwitchContext                       0x08007ae1   Thumb Code   122  tasks.o(i.vTaskSwitchContext)
    xPortStartScheduler                      0x08007b71   Thumb Code   330  port.o(i.xPortStartScheduler)
    xPortSysTickHandler                      0x08007cd9   Thumb Code    46  port.o(i.xPortSysTickHandler)
    xQueueGenericCreateStatic                0x08007d0d   Thumb Code   224  queue.o(i.xQueueGenericCreateStatic)
    xQueueGenericReset                       0x08007ded   Thumb Code   146  queue.o(i.xQueueGenericReset)
    xQueueGenericSend                        0x08007e85   Thumb Code   420  queue.o(i.xQueueGenericSend)
    xQueueGenericSendFromISR                 0x0800802d   Thumb Code   252  queue.o(i.xQueueGenericSendFromISR)
    xQueueReceive                            0x08008131   Thumb Code   356  queue.o(i.xQueueReceive)
    xTaskCheckForTimeOut                     0x08008299   Thumb Code   132  tasks.o(i.xTaskCheckForTimeOut)
    xTaskCreate                              0x08008325   Thumb Code   100  tasks.o(i.xTaskCreate)
    xTaskCreateStatic                        0x0800838f   Thumb Code   186  tasks.o(i.xTaskCreateStatic)
    xTaskGetSchedulerState                   0x08008451   Thumb Code    24  tasks.o(i.xTaskGetSchedulerState)
    xTaskGetTickCount                        0x08008471   Thumb Code     6  tasks.o(i.xTaskGetTickCount)
    xTaskIncrementTick                       0x0800847d   Thumb Code   280  tasks.o(i.xTaskIncrementTick)
    xTaskPriorityDisinherit                  0x080085c1   Thumb Code   152  tasks.o(i.xTaskPriorityDisinherit)
    xTaskRemoveFromEventList                 0x08008665   Thumb Code   126  tasks.o(i.xTaskRemoveFromEventList)
    xTaskResumeAll                           0x080086fd   Thumb Code   222  tasks.o(i.xTaskResumeAll)
    xTimerCreateTimerTask                    0x08008801   Thumb Code   100  timers.o(i.xTimerCreateTimerTask)
    xTimerGenericCommand                     0x08008879   Thumb Code   128  timers.o(i.xTimerGenericCommand)
    _fp_init                                 0x080088fd   Thumb Code    10  fpinit.o(x$fpl$fpinit)
    __fplib_config_fpu_vfp                   0x08008905   Thumb Code     0  fpinit.o(x$fpl$fpinit)
    __fplib_config_pureend_doubles           0x08008905   Thumb Code     0  fpinit.o(x$fpl$fpinit)
    defaultTask_attributes                   0x08008908   Data          36  main.o(.constdata)
    AHBPrescTable                            0x0800892c   Data          16  system_stm32l4xx.o(.constdata)
    APBPrescTable                            0x0800893c   Data           8  system_stm32l4xx.o(.constdata)
    MSIRangeTable                            0x08008944   Data          48  system_stm32l4xx.o(.constdata)
    Region$$Table$$Base                      0x08008980   Number         0  anon$$obj.o(Region$$Table)
    Region$$Table$$Limit                     0x080089a0   Number         0  anon$$obj.o(Region$$Table)
    defaultTaskHandle                        0x20000000   Data           4  main.o(.data)
    uwTick                                   0x20000008   Data           4  stm32l4xx_hal.o(.data)
    uwTickPrio                               0x2000000c   Data           4  stm32l4xx_hal.o(.data)
    uwTickFreq                               0x20000010   Data           1  stm32l4xx_hal.o(.data)
    SystemCoreClock                          0x20000014   Data           4  system_stm32l4xx.o(.data)
    pxCurrentTCB                             0x20000018   Data           4  tasks.o(.data)
    LSM6DSL_COMMON_Driver                    0x20000098   Data          16  lsm6dsl.o(.data)
    LSM6DSL_ACC_Driver                       0x200000a8   Data          36  lsm6dsl.o(.data)
    LSM6DSL_GYRO_Driver                      0x200000cc   Data          36  lsm6dsl.o(.data)
    LSM303AGR_ACC_COMMON_Driver              0x200000f0   Data          16  lsm303agr.o(.data)
    LSM303AGR_ACC_Driver                     0x20000100   Data          36  lsm303agr.o(.data)
    LSM303AGR_MAG_COMMON_Driver              0x20000124   Data          16  lsm303agr.o(.data)
    LSM303AGR_MAG_Driver                     0x20000134   Data          36  lsm303agr.o(.data)
    hcrc                                     0x2000016c   Data          36  main.o(.bss)
    huart2                                   0x20000190   Data         132  main.o(.bss)
    hi2c1                                    0x20000214   Data          84  custom_bus.o(.bss)
    hdma_i2c1_rx                             0x20000268   Data          72  custom_bus.o(.bss)
    hdma_i2c1_tx                             0x200002b0   Data          72  custom_bus.o(.bss)
    htim6                                    0x200002f8   Data          76  stm32l4xx_hal_timebase_tim.o(.bss)
    xQueueRegistry                           0x20000344   Data          64  queue.o(.bss)
    MotionCompObj                            0x20001bd0   Data          12  iks01a2_motion_sensors.o(.bss)
    __libspace_start                         0x20001cb8   Data          96  libspace.o(.bss)
    __temporary_stack_top$libspace           0x20001d18   Data           0  libspace.o(.bss)



==============================================================================

Memory Map of the image

  Image Entry point : 0x08000189

  Load Region LR_IROM1 (Base: 0x08000000, Size: 0x00008b0c, Max: 0x00100000, ABSOLUTE, COMPRESSED[0x00008a54])

    Execution Region ER_IROM1 (Exec base: 0x08000000, Load base: 0x08000000, Size: 0x000089a0, Max: 0x00100000, ABSOLUTE)

    Exec Addr    Load Addr    Size         Type   Attr      Idx    E Section Name        Object

    0x08000000   0x08000000   0x00000188   Data   RO            3    RESET               startup_stm32l476xx.o
    0x08000188   0x08000188   0x00000008   Code   RO        11152  * !!!main             c_w.l(__main.o)
    0x08000190   0x08000190   0x00000034   Code   RO        11327    !!!scatter          c_w.l(__scatter.o)
    0x080001c4   0x080001c4   0x0000005a   Code   RO        11325    !!dczerorl2         c_w.l(__dczerorl2.o)
    0x0800021e   0x0800021e   0x00000002   PAD
    0x08000220   0x08000220   0x0000001c   Code   RO        11329    !!handler_zi        c_w.l(__scatter_zi.o)
    0x0800023c   0x0800023c   0x00000002   Code   RO        11193    .ARM.Collect$$libinit$$00000000  c_w.l(libinit.o)
    0x0800023e   0x0800023e   0x00000004   Code   RO        11205    .ARM.Collect$$libinit$$00000001  c_w.l(libinit2.o)
    0x08000242   0x08000242   0x00000000   Code   RO        11208    .ARM.Collect$$libinit$$00000004  c_w.l(libinit2.o)
    0x08000242   0x08000242   0x00000000   Code   RO        11211    .ARM.Collect$$libinit$$0000000A  c_w.l(libinit2.o)
    0x08000242   0x08000242   0x00000000   Code   RO        11213    .ARM.Collect$$libinit$$0000000C  c_w.l(libinit2.o)
    0x08000242   0x08000242   0x00000000   Code   RO        11215    .ARM.Collect$$libinit$$0000000E  c_w.l(libinit2.o)
    0x08000242   0x08000242   0x00000000   Code   RO        11218    .ARM.Collect$$libinit$$00000011  c_w.l(libinit2.o)
    0x08000242   0x08000242   0x00000000   Code   RO        11220    .ARM.Collect$$libinit$$00000013  c_w.l(libinit2.o)
    0x08000242   0x08000242   0x00000000   Code   RO        11222    .ARM.Collect$$libinit$$00000015  c_w.l(libinit2.o)
    0x08000242   0x08000242   0x00000000   Code   RO        11224    .ARM.Collect$$libinit$$00000017  c_w.l(libinit2.o)
    0x08000242   0x08000242   0x00000000   Code   RO        11226    .ARM.Collect$$libinit$$00000019  c_w.l(libinit2.o)
    0x08000242   0x08000242   0x00000000   Code   RO        11228    .ARM.Collect$$libinit$$0000001B  c_w.l(libinit2.o)
    0x08000242   0x08000242   0x00000000   Code   RO        11230    .ARM.Collect$$libinit$$0000001D  c_w.l(libinit2.o)
    0x08000242   0x08000242   0x00000000   Code   RO        11232    .ARM.Collect$$libinit$$0000001F  c_w.l(libinit2.o)
    0x08000242   0x08000242   0x00000000   Code   RO        11234    .ARM.Collect$$libinit$$00000021  c_w.l(libinit2.o)
    0x08000242   0x08000242   0x00000000   Code   RO        11236    .ARM.Collect$$libinit$$00000023  c_w.l(libinit2.o)
    0x08000242   0x08000242   0x00000000   Code   RO        11238    .ARM.Collect$$libinit$$00000025  c_w.l(libinit2.o)
    0x08000242   0x08000242   0x00000000   Code   RO        11242    .ARM.Collect$$libinit$$0000002C  c_w.l(libinit2.o)
    0x08000242   0x08000242   0x00000000   Code   RO        11244    .ARM.Collect$$libinit$$0000002E  c_w.l(libinit2.o)
    0x08000242   0x08000242   0x00000000   Code   RO        11246    .ARM.Collect$$libinit$$00000030  c_w.l(libinit2.o)
    0x08000242   0x08000242   0x00000000   Code   RO        11248    .ARM.Collect$$libinit$$00000032  c_w.l(libinit2.o)
    0x08000242   0x08000242   0x00000002   Code   RO        11249    .ARM.Collect$$libinit$$00000033  c_w.l(libinit2.o)
    0x08000244   0x08000244   0x00000002   Code   RO        11280    .ARM.Collect$$libshutdown$$00000000  c_w.l(libshutdown.o)
    0x08000246   0x08000246   0x00000000   Code   RO        11306    .ARM.Collect$$libshutdown$$00000002  c_w.l(libshutdown2.o)
    0x08000246   0x08000246   0x00000000   Code   RO        11308    .ARM.Collect$$libshutdown$$00000004  c_w.l(libshutdown2.o)
    0x08000246   0x08000246   0x00000000   Code   RO        11310    .ARM.Collect$$libshutdown$$00000006  c_w.l(libshutdown2.o)
    0x08000246   0x08000246   0x00000000   Code   RO        11313    .ARM.Collect$$libshutdown$$00000009  c_w.l(libshutdown2.o)
    0x08000246   0x08000246   0x00000000   Code   RO        11316    .ARM.Collect$$libshutdown$$0000000C  c_w.l(libshutdown2.o)
    0x08000246   0x08000246   0x00000000   Code   RO        11318    .ARM.Collect$$libshutdown$$0000000E  c_w.l(libshutdown2.o)
    0x08000246   0x08000246   0x00000000   Code   RO        11321    .ARM.Collect$$libshutdown$$00000011  c_w.l(libshutdown2.o)
    0x08000246   0x08000246   0x00000002   Code   RO        11322    .ARM.Collect$$libshutdown$$00000012  c_w.l(libshutdown2.o)
    0x08000248   0x08000248   0x00000000   Code   RO        11154    .ARM.Collect$$rtentry$$00000000  c_w.l(__rtentry.o)
    0x08000248   0x08000248   0x00000000   Code   RO        11164    .ARM.Collect$$rtentry$$00000002  c_w.l(__rtentry2.o)
    0x08000248   0x08000248   0x00000006   Code   RO        11176    .ARM.Collect$$rtentry$$00000004  c_w.l(__rtentry4.o)
    0x0800024e   0x0800024e   0x00000000   Code   RO        11166    .ARM.Collect$$rtentry$$00000009  c_w.l(__rtentry2.o)
    0x0800024e   0x0800024e   0x00000004   Code   RO        11167    .ARM.Collect$$rtentry$$0000000A  c_w.l(__rtentry2.o)
    0x08000252   0x08000252   0x00000000   Code   RO        11169    .ARM.Collect$$rtentry$$0000000C  c_w.l(__rtentry2.o)
    0x08000252   0x08000252   0x00000008   Code   RO        11170    .ARM.Collect$$rtentry$$0000000D  c_w.l(__rtentry2.o)
    0x0800025a   0x0800025a   0x00000002   Code   RO        11197    .ARM.Collect$$rtexit$$00000000  c_w.l(rtexit.o)
    0x0800025c   0x0800025c   0x00000000   Code   RO        11253    .ARM.Collect$$rtexit$$00000002  c_w.l(rtexit2.o)
    0x0800025c   0x0800025c   0x00000004   Code   RO        11254    .ARM.Collect$$rtexit$$00000003  c_w.l(rtexit2.o)
    0x08000260   0x08000260   0x00000006   Code   RO        11255    .ARM.Collect$$rtexit$$00000004  c_w.l(rtexit2.o)
    0x08000266   0x08000266   0x00000002   PAD
    0x08000268   0x08000268   0x000000de   Code   RO         5969    .emb_text           port.o
    0x08000346   0x08000346   0x00000002   PAD
    0x08000348   0x08000348   0x00000040   Code   RO            4    .text               startup_stm32l476xx.o
    0x08000388   0x08000388   0x000000ee   Code   RO        11140    .text               c_w.l(lludivv7m.o)
    0x08000476   0x08000476   0x0000008a   Code   RO        11142    .text               c_w.l(rt_memcpy_v6.o)
    0x08000500   0x08000500   0x00000010   Code   RO        11146    .text               c_w.l(aeabi_memset.o)
    0x08000510   0x08000510   0x0000004e   Code   RO        11148    .text               c_w.l(rt_memclr_w.o)
    0x0800055e   0x0800055e   0x00000006   Code   RO        11150    .text               c_w.l(heapauxi.o)
    0x08000564   0x08000564   0x00000064   Code   RO        11159    .text               c_w.l(rt_memcpy_w.o)
    0x080005c8   0x080005c8   0x00000044   Code   RO        11161    .text               c_w.l(rt_memclr.o)
    0x0800060c   0x0800060c   0x0000004a   Code   RO        11180    .text               c_w.l(sys_stackheap_outer.o)
    0x08000656   0x08000656   0x00000012   Code   RO        11182    .text               c_w.l(exit.o)
    0x08000668   0x08000668   0x00000008   Code   RO        11194    .text               c_w.l(libspace.o)
    0x08000670   0x08000670   0x0000000c   Code   RO        11250    .text               c_w.l(sys_exit.o)
    0x0800067c   0x0800067c   0x00000002   Code   RO        11269    .text               c_w.l(use_no_semi.o)
    0x0800067e   0x0800067e   0x00000000   Code   RO        11271    .text               c_w.l(indicate_semi.o)
    0x0800067e   0x0800067e   0x00000008   Code   RO          296    i.BSP_GetTick       custom_bus.o
    0x08000686   0x08000686   0x00000002   PAD
    0x08000688   0x08000688   0x00000034   Code   RO          297    i.BSP_I2C1_DeInit   custom_bus.o
    0x080006bc   0x080006bc   0x00000058   Code   RO          298    i.BSP_I2C1_Init     custom_bus.o
    0x08000714   0x08000714   0x0000004e   Code   RO          300    i.BSP_I2C1_ReadReg  custom_bus.o
    0x08000762   0x08000762   0x00000002   PAD
    0x08000764   0x08000764   0x0000004e   Code   RO          306    i.BSP_I2C1_WriteReg  custom_bus.o
    0x080007b2   0x080007b2   0x00000004   Code   RO          409    i.BusFault_Handler  stm32l4xx_it.o
    0x080007b6   0x080007b6   0x00000002   PAD
    0x080007b8   0x080007b8   0x00000010   Code   RO          410    i.DMA1_Channel6_IRQHandler  stm32l4xx_it.o
    0x080007c8   0x080007c8   0x00000010   Code   RO          411    i.DMA1_Channel7_IRQHandler  stm32l4xx_it.o
    0x080007d8   0x080007d8   0x00000002   Code   RO          412    i.DebugMon_Handler  stm32l4xx_it.o
    0x080007da   0x080007da   0x00000006   Code   RO           13    i.Error_Handler     main.o
    0x080007e0   0x080007e0   0x00000066   Code   RO         2671    i.HAL_CRCEx_Polynomial_Set  stm32l4xx_hal_crc_ex.o
    0x08000846   0x08000846   0x00000002   PAD
    0x08000848   0x08000848   0x00000084   Code   RO         2605    i.HAL_CRC_Init      stm32l4xx_hal_crc.o
    0x080008cc   0x080008cc   0x00000030   Code   RO          498    i.HAL_CRC_MspInit   stm32l4xx_hal_msp.o
    0x080008fc   0x080008fc   0x0000005c   Code   RO         1898    i.HAL_DMA_Abort_IT  stm32l4xx_hal_dma.o
    0x08000958   0x08000958   0x000000c4   Code   RO         1899    i.HAL_DMA_DeInit    stm32l4xx_hal_dma.o
    0x08000a1c   0x08000a1c   0x00000008   Code   RO         1901    i.HAL_DMA_GetState  stm32l4xx_hal_dma.o
    0x08000a24   0x08000a24   0x000000fe   Code   RO         1902    i.HAL_DMA_IRQHandler  stm32l4xx_hal_dma.o
    0x08000b22   0x08000b22   0x00000002   PAD
    0x08000b24   0x08000b24   0x0000010c   Code   RO         1903    i.HAL_DMA_Init      stm32l4xx_hal_dma.o
    0x08000c30   0x08000c30   0x00000148   Code   RO         1830    i.HAL_GPIO_DeInit   stm32l4xx_hal_gpio.o
    0x08000d78   0x08000d78   0x000001fc   Code   RO         1833    i.HAL_GPIO_Init     stm32l4xx_hal_gpio.o
    0x08000f74   0x08000f74   0x0000000a   Code   RO         1837    i.HAL_GPIO_WritePin  stm32l4xx_hal_gpio.o
    0x08000f7e   0x08000f7e   0x00000002   PAD
    0x08000f80   0x08000f80   0x0000000c   Code   RO         1121    i.HAL_GetTick       stm32l4xx_hal.o
    0x08000f8c   0x08000f8c   0x0000006a   Code   RO         1056    i.HAL_I2CEx_ConfigAnalogFilter  stm32l4xx_hal_i2c_ex.o
    0x08000ff6   0x08000ff6   0x00000068   Code   RO         1057    i.HAL_I2CEx_ConfigDigitalFilter  stm32l4xx_hal_i2c_ex.o
    0x0800105e   0x0800105e   0x00000002   Code   RO          584    i.HAL_I2C_AbortCpltCallback  stm32l4xx_hal_i2c.o
    0x08001060   0x08001060   0x00000002   Code   RO          585    i.HAL_I2C_AddrCallback  stm32l4xx_hal_i2c.o
    0x08001062   0x08001062   0x0000003c   Code   RO          586    i.HAL_I2C_DeInit    stm32l4xx_hal_i2c.o
    0x0800109e   0x0800109e   0x00000076   Code   RO          588    i.HAL_I2C_ER_IRQHandler  stm32l4xx_hal_i2c.o
    0x08001114   0x08001114   0x0000001c   Code   RO          589    i.HAL_I2C_EV_IRQHandler  stm32l4xx_hal_i2c.o
    0x08001130   0x08001130   0x00000002   Code   RO          591    i.HAL_I2C_ErrorCallback  stm32l4xx_hal_i2c.o
    0x08001132   0x08001132   0x00000006   Code   RO          592    i.HAL_I2C_GetError  stm32l4xx_hal_i2c.o
    0x08001138   0x08001138   0x00000008   Code   RO          594    i.HAL_I2C_GetState  stm32l4xx_hal_i2c.o
    0x08001140   0x08001140   0x000000c4   Code   RO          595    i.HAL_I2C_Init      stm32l4xx_hal_i2c.o
    0x08001204   0x08001204   0x00000002   Code   RO          597    i.HAL_I2C_ListenCpltCallback  stm32l4xx_hal_i2c.o
    0x08001206   0x08001206   0x00000002   PAD
    0x08001208   0x08001208   0x000001a6   Code   RO          613    i.HAL_I2C_Mem_Read  stm32l4xx_hal_i2c.o
    0x080013ae   0x080013ae   0x00000002   PAD
    0x080013b0   0x080013b0   0x0000019e   Code   RO          616    i.HAL_I2C_Mem_Write  stm32l4xx_hal_i2c.o
    0x0800154e   0x0800154e   0x00000002   Code   RO          619    i.HAL_I2C_MspDeInit  stm32l4xx_hal_i2c.o
    0x08001550   0x08001550   0x00000002   Code   RO          620    i.HAL_I2C_MspInit   stm32l4xx_hal_i2c.o
    0x08001552   0x08001552   0x00000002   Code   RO          621    i.HAL_I2C_SlaveRxCpltCallback  stm32l4xx_hal_i2c.o
    0x08001554   0x08001554   0x00000002   Code   RO          622    i.HAL_I2C_SlaveTxCpltCallback  stm32l4xx_hal_i2c.o
    0x08001556   0x08001556   0x00000002   PAD
    0x08001558   0x08001558   0x00000018   Code   RO         1127    i.HAL_IncTick       stm32l4xx_hal.o
    0x08001570   0x08001570   0x0000001e   Code   RO         1128    i.HAL_Init          stm32l4xx_hal.o
    0x0800158e   0x0800158e   0x00000002   PAD
    0x08001590   0x08001590   0x000000b0   Code   RO          545    i.HAL_InitTick      stm32l4xx_hal_timebase_tim.o
    0x08001640   0x08001640   0x00000048   Code   RO          499    i.HAL_MspInit       stm32l4xx_hal_msp.o
    0x08001688   0x08001688   0x00000044   Code   RO         2391    i.HAL_NVIC_DisableIRQ  stm32l4xx_hal_cortex.o
    0x080016cc   0x080016cc   0x00000028   Code   RO         2392    i.HAL_NVIC_EnableIRQ  stm32l4xx_hal_cortex.o
    0x080016f4   0x080016f4   0x00000082   Code   RO         2398    i.HAL_NVIC_SetPriority  stm32l4xx_hal_cortex.o
    0x08001776   0x08001776   0x00000002   PAD
    0x08001778   0x08001778   0x00000028   Code   RO         2399    i.HAL_NVIC_SetPriorityGrouping  stm32l4xx_hal_cortex.o
    0x080017a0   0x080017a0   0x0000008c   Code   RO         2124    i.HAL_PWREx_ControlVoltageScaling  stm32l4xx_hal_pwr_ex.o
    0x0800182c   0x0800182c   0x00000010   Code   RO         2157    i.HAL_PWREx_GetVoltageRange  stm32l4xx_hal_pwr_ex.o
    0x0800183c   0x0800183c   0x00000014   Code   RO         2016    i.HAL_PWR_EnableBkUpAccess  stm32l4xx_hal_pwr.o
    0x08001850   0x08001850   0x00000014   Code   RO         1459    i.HAL_RCCEx_EnableMSIPLLMode  stm32l4xx_hal_rcc_ex.o
    0x08001864   0x08001864   0x000004d4   Code   RO         1466    i.HAL_RCCEx_PeriphCLKConfig  stm32l4xx_hal_rcc_ex.o
    0x08001d38   0x08001d38   0x000001b4   Code   RO         1345    i.HAL_RCC_ClockConfig  stm32l4xx_hal_rcc.o
    0x08001eec   0x08001eec   0x00000044   Code   RO         1348    i.HAL_RCC_GetClockConfig  stm32l4xx_hal_rcc.o
    0x08001f30   0x08001f30   0x0000000c   Code   RO         1349    i.HAL_RCC_GetHCLKFreq  stm32l4xx_hal_rcc.o
    0x08001f3c   0x08001f3c   0x00000024   Code   RO         1351    i.HAL_RCC_GetPCLK1Freq  stm32l4xx_hal_rcc.o
    0x08001f60   0x08001f60   0x00000024   Code   RO         1352    i.HAL_RCC_GetPCLK2Freq  stm32l4xx_hal_rcc.o
    0x08001f84   0x08001f84   0x000000ec   Code   RO         1354    i.HAL_RCC_GetSysClockFreq  stm32l4xx_hal_rcc.o
    0x08002070   0x08002070   0x000006e8   Code   RO         1357    i.HAL_RCC_OscConfig  stm32l4xx_hal_rcc.o
    0x08002758   0x08002758   0x00000002   Code   RO         3432    i.HAL_TIMEx_Break2Callback  stm32l4xx_hal_tim_ex.o
    0x0800275a   0x0800275a   0x00000002   Code   RO         3433    i.HAL_TIMEx_BreakCallback  stm32l4xx_hal_tim_ex.o
    0x0800275c   0x0800275c   0x00000002   Code   RO         3434    i.HAL_TIMEx_CommutCallback  stm32l4xx_hal_tim_ex.o
    0x0800275e   0x0800275e   0x0000006e   Code   RO         2707    i.HAL_TIM_Base_Init  stm32l4xx_hal_tim.o
    0x080027cc   0x080027cc   0x00000002   Code   RO         2709    i.HAL_TIM_Base_MspInit  stm32l4xx_hal_tim.o
    0x080027ce   0x080027ce   0x00000002   PAD
    0x080027d0   0x080027d0   0x000000a8   Code   RO         2712    i.HAL_TIM_Base_Start_IT  stm32l4xx_hal_tim.o
    0x08002878   0x08002878   0x00000002   Code   RO         2741    i.HAL_TIM_IC_CaptureCallback  stm32l4xx_hal_tim.o
    0x0800287a   0x0800287a   0x000001b8   Code   RO         2755    i.HAL_TIM_IRQHandler  stm32l4xx_hal_tim.o
    0x08002a32   0x08002a32   0x00000002   Code   RO         2758    i.HAL_TIM_OC_DelayElapsedCallback  stm32l4xx_hal_tim.o
    0x08002a34   0x08002a34   0x00000002   Code   RO         2785    i.HAL_TIM_PWM_PulseFinishedCallback  stm32l4xx_hal_tim.o
    0x08002a36   0x08002a36   0x00000002   PAD
    0x08002a38   0x08002a38   0x00000018   Code   RO           14    i.HAL_TIM_PeriodElapsedCallback  main.o
    0x08002a50   0x08002a50   0x00000002   Code   RO         2798    i.HAL_TIM_TriggerCallback  stm32l4xx_hal_tim.o
    0x08002a52   0x08002a52   0x00000074   Code   RO         3746    i.HAL_UART_Init     stm32l4xx_hal_uart.o
    0x08002ac6   0x08002ac6   0x00000002   PAD
    0x08002ac8   0x08002ac8   0x00000094   Code   RO          501    i.HAL_UART_MspInit  stm32l4xx_hal_msp.o
    0x08002b5c   0x08002b5c   0x00000004   Code   RO          413    i.HardFault_Handler  stm32l4xx_it.o
    0x08002b60   0x08002b60   0x00000010   Code   RO          414    i.I2C1_ER_IRQHandler  stm32l4xx_it.o
    0x08002b70   0x08002b70   0x00000010   Code   RO          415    i.I2C1_EV_IRQHandler  stm32l4xx_it.o
    0x08002b80   0x08002b80   0x00000044   Code   RO          308    i.I2C1_MspDeInit    custom_bus.o
    0x08002bc4   0x08002bc4   0x00000128   Code   RO          309    i.I2C1_MspInit      custom_bus.o
    0x08002cec   0x08002cec   0x00000022   Code   RO          634    i.I2C_DMAAbort      stm32l4xx_hal_i2c.o
    0x08002d0e   0x08002d0e   0x0000006e   Code   RO          640    i.I2C_Disable_IRQ   stm32l4xx_hal_i2c.o
    0x08002d7c   0x08002d7c   0x00000028   Code   RO          642    i.I2C_Flush_TXDR    stm32l4xx_hal_i2c.o
    0x08002da4   0x08002da4   0x000000ce   Code   RO          643    i.I2C_ITAddrCplt    stm32l4xx_hal_i2c.o
    0x08002e72   0x08002e72   0x00000002   PAD
    0x08002e74   0x08002e74   0x00000124   Code   RO          644    i.I2C_ITError       stm32l4xx_hal_i2c.o
    0x08002f98   0x08002f98   0x00000070   Code   RO          645    i.I2C_ITListenCplt  stm32l4xx_hal_i2c.o
    0x08003008   0x08003008   0x00000170   Code   RO          648    i.I2C_ITSlaveCplt   stm32l4xx_hal_i2c.o
    0x08003178   0x08003178   0x0000008c   Code   RO          649    i.I2C_ITSlaveSeqCplt  stm32l4xx_hal_i2c.o
    0x08003204   0x08003204   0x0000014e   Code   RO          650    i.I2C_IsErrorOccurred  stm32l4xx_hal_i2c.o
    0x08003352   0x08003352   0x00000002   PAD
    0x08003354   0x08003354   0x0000007c   Code   RO          655    i.I2C_RequestMemoryRead  stm32l4xx_hal_i2c.o
    0x080033d0   0x080033d0   0x0000007c   Code   RO          656    i.I2C_RequestMemoryWrite  stm32l4xx_hal_i2c.o
    0x0800344c   0x0800344c   0x00000148   Code   RO          658    i.I2C_Slave_ISR_IT  stm32l4xx_hal_i2c.o
    0x08003594   0x08003594   0x00000038   Code   RO          659    i.I2C_TransferConfig  stm32l4xx_hal_i2c.o
    0x080035cc   0x080035cc   0x0000003a   Code   RO          660    i.I2C_TreatErrorCallback  stm32l4xx_hal_i2c.o
    0x08003606   0x08003606   0x0000005e   Code   RO          661    i.I2C_WaitOnFlagUntilTimeout  stm32l4xx_hal_i2c.o
    0x08003664   0x08003664   0x00000056   Code   RO          663    i.I2C_WaitOnSTOPFlagUntilTimeout  stm32l4xx_hal_i2c.o
    0x080036ba   0x080036ba   0x0000005a   Code   RO          664    i.I2C_WaitOnTXISFlagUntilTimeout  stm32l4xx_hal_i2c.o
    0x08003714   0x08003714   0x0000017c   Code   RO        10456    i.IKS01A2_MOTION_SENSOR_Init  iks01a2_motion_sensors.o
    0x08003890   0x08003890   0x00000104   Code   RO        10460    i.LSM303AGR_ACC_0_Probe  iks01a2_motion_sensors.o
    0x08003994   0x08003994   0x00000020   Code   RO         9007    i.LSM303AGR_ACC_DeInit  lsm303agr.o
    0x080039b4   0x080039b4   0x0000003e   Code   RO         9008    i.LSM303AGR_ACC_Disable  lsm303agr.o
    0x080039f2   0x080039f2   0x0000002e   Code   RO         9009    i.LSM303AGR_ACC_Enable  lsm303agr.o
    0x08003a20   0x08003a20   0x0000008c   Code   RO         9010    i.LSM303AGR_ACC_GetAxes  lsm303agr.o
    0x08003aac   0x08003aac   0x00000082   Code   RO         9011    i.LSM303AGR_ACC_GetAxesRaw  lsm303agr.o
    0x08003b2e   0x08003b2e   0x00000002   PAD
    0x08003b30   0x08003b30   0x0000003c   Code   RO         9012    i.LSM303AGR_ACC_GetCapabilities  lsm303agr.o
    0x08003b6c   0x08003b6c   0x00000050   Code   RO         9013    i.LSM303AGR_ACC_GetFullScale  lsm303agr.o
    0x08003bbc   0x08003bbc   0x00000150   Code   RO         9014    i.LSM303AGR_ACC_GetOutputDataRate  lsm303agr.o
    0x08003d0c   0x08003d0c   0x0000006a   Code   RO         9015    i.LSM303AGR_ACC_GetSensitivity  lsm303agr.o
    0x08003d76   0x08003d76   0x00000002   PAD
    0x08003d78   0x08003d78   0x00000070   Code   RO         9016    i.LSM303AGR_ACC_GetSensitivityHR  lsm303agr.o
    0x08003de8   0x08003de8   0x00000070   Code   RO         9017    i.LSM303AGR_ACC_GetSensitivityLP  lsm303agr.o
    0x08003e58   0x08003e58   0x00000070   Code   RO         9018    i.LSM303AGR_ACC_GetSensitivityNM  lsm303agr.o
    0x08003ec8   0x08003ec8   0x0000005c   Code   RO         9021    i.LSM303AGR_ACC_Init  lsm303agr.o
    0x08003f24   0x08003f24   0x0000001c   Code   RO         9022    i.LSM303AGR_ACC_ReadID  lsm303agr.o
    0x08003f40   0x08003f40   0x00000080   Code   RO         9024    i.LSM303AGR_ACC_RegisterBusIO  lsm303agr.o
    0x08003fc0   0x08003fc0   0x00000038   Code   RO         9025    i.LSM303AGR_ACC_SetFullScale  lsm303agr.o
    0x08003ff8   0x08003ff8   0x00000030   Code   RO         9026    i.LSM303AGR_ACC_SetOutputDataRate  lsm303agr.o
    0x08004028   0x08004028   0x00000084   Code   RO         9027    i.LSM303AGR_ACC_SetOutputDataRate_When_Disabled  lsm303agr.o
    0x080040ac   0x080040ac   0x000000a4   Code   RO         9028    i.LSM303AGR_ACC_SetOutputDataRate_When_Enabled  lsm303agr.o
    0x08004150   0x08004150   0x00000020   Code   RO         9029    i.LSM303AGR_ACC_Write_Reg  lsm303agr.o
    0x08004170   0x08004170   0x00000104   Code   RO        10461    i.LSM303AGR_MAG_0_Probe  iks01a2_motion_sensors.o
    0x08004274   0x08004274   0x0000001c   Code   RO         9030    i.LSM303AGR_MAG_DeInit  lsm303agr.o
    0x08004290   0x08004290   0x0000002a   Code   RO         9031    i.LSM303AGR_MAG_Disable  lsm303agr.o
    0x080042ba   0x080042ba   0x0000002c   Code   RO         9032    i.LSM303AGR_MAG_Enable  lsm303agr.o
    0x080042e6   0x080042e6   0x00000078   Code   RO         9033    i.LSM303AGR_MAG_GetAxes  lsm303agr.o
    0x0800435e   0x0800435e   0x0000002e   Code   RO         9034    i.LSM303AGR_MAG_GetAxesRaw  lsm303agr.o
    0x0800438c   0x0800438c   0x0000003c   Code   RO         9035    i.LSM303AGR_MAG_GetCapabilities  lsm303agr.o
    0x080043c8   0x080043c8   0x0000000a   Code   RO         9036    i.LSM303AGR_MAG_GetFullScale  lsm303agr.o
    0x080043d2   0x080043d2   0x00000002   PAD
    0x080043d4   0x080043d4   0x00000068   Code   RO         9037    i.LSM303AGR_MAG_GetOutputDataRate  lsm303agr.o
    0x0800443c   0x0800443c   0x0000000e   Code   RO         9038    i.LSM303AGR_MAG_GetSensitivity  lsm303agr.o
    0x0800444a   0x0800444a   0x00000056   Code   RO         9041    i.LSM303AGR_MAG_Init  lsm303agr.o
    0x080044a0   0x080044a0   0x0000001c   Code   RO         9042    i.LSM303AGR_MAG_ReadID  lsm303agr.o
    0x080044bc   0x080044bc   0x00000074   Code   RO         9044    i.LSM303AGR_MAG_RegisterBusIO  lsm303agr.o
    0x08004530   0x08004530   0x00000006   Code   RO         9045    i.LSM303AGR_MAG_SetFullScale  lsm303agr.o
    0x08004536   0x08004536   0x00000002   PAD
    0x08004538   0x08004538   0x00000064   Code   RO         9046    i.LSM303AGR_MAG_SetOutputDataRate  lsm303agr.o
    0x0800459c   0x0800459c   0x00000130   Code   RO        10462    i.LSM6DSL_0_Probe   iks01a2_motion_sensors.o
    0x080046cc   0x080046cc   0x0000003e   Code   RO         7528    i.LSM6DSL_ACC_Disable  lsm6dsl.o
    0x0800470a   0x0800470a   0x0000002e   Code   RO         7538    i.LSM6DSL_ACC_Enable  lsm6dsl.o
    0x08004738   0x08004738   0x0000008c   Code   RO         7548    i.LSM6DSL_ACC_GetAxes  lsm6dsl.o
    0x080047c4   0x080047c4   0x0000002e   Code   RO         7549    i.LSM6DSL_ACC_GetAxesRaw  lsm6dsl.o
    0x080047f2   0x080047f2   0x00000050   Code   RO         7550    i.LSM6DSL_ACC_GetFullScale  lsm6dsl.o
    0x08004842   0x08004842   0x00000002   PAD
    0x08004844   0x08004844   0x000000dc   Code   RO         7551    i.LSM6DSL_ACC_GetOutputDataRate  lsm6dsl.o
    0x08004920   0x08004920   0x00000070   Code   RO         7552    i.LSM6DSL_ACC_GetSensitivity  lsm6dsl.o
    0x08004990   0x08004990   0x00000038   Code   RO         7563    i.LSM6DSL_ACC_SetFullScale  lsm6dsl.o
    0x080049c8   0x080049c8   0x00000030   Code   RO         7564    i.LSM6DSL_ACC_SetOutputDataRate  lsm6dsl.o
    0x080049f8   0x080049f8   0x000000cc   Code   RO         7565    i.LSM6DSL_ACC_SetOutputDataRate_When_Disabled  lsm6dsl.o
    0x08004ac4   0x08004ac4   0x000000e8   Code   RO         7566    i.LSM6DSL_ACC_SetOutputDataRate_When_Enabled  lsm6dsl.o
    0x08004bac   0x08004bac   0x00000030   Code   RO         7580    i.LSM6DSL_DeInit    lsm6dsl.o
    0x08004bdc   0x08004bdc   0x0000003e   Code   RO         7594    i.LSM6DSL_GYRO_Disable  lsm6dsl.o
    0x08004c1a   0x08004c1a   0x0000002e   Code   RO         7595    i.LSM6DSL_GYRO_Enable  lsm6dsl.o
    0x08004c48   0x08004c48   0x00000080   Code   RO         7596    i.LSM6DSL_GYRO_GetAxes  lsm6dsl.o
    0x08004cc8   0x08004cc8   0x0000002e   Code   RO         7597    i.LSM6DSL_GYRO_GetAxesRaw  lsm6dsl.o
    0x08004cf6   0x08004cf6   0x0000005c   Code   RO         7598    i.LSM6DSL_GYRO_GetFullScale  lsm6dsl.o
    0x08004d52   0x08004d52   0x00000002   PAD
    0x08004d54   0x08004d54   0x000000d0   Code   RO         7599    i.LSM6DSL_GYRO_GetOutputDataRate  lsm6dsl.o
    0x08004e24   0x08004e24   0x00000080   Code   RO         7600    i.LSM6DSL_GYRO_GetSensitivity  lsm6dsl.o
    0x08004ea4   0x08004ea4   0x00000044   Code   RO         7603    i.LSM6DSL_GYRO_SetFullScale  lsm6dsl.o
    0x08004ee8   0x08004ee8   0x00000030   Code   RO         7604    i.LSM6DSL_GYRO_SetOutputDataRate  lsm6dsl.o
    0x08004f18   0x08004f18   0x000000cc   Code   RO         7605    i.LSM6DSL_GYRO_SetOutputDataRate_When_Disabled  lsm6dsl.o
    0x08004fe4   0x08004fe4   0x000000e8   Code   RO         7606    i.LSM6DSL_GYRO_SetOutputDataRate_When_Enabled  lsm6dsl.o
    0x080050cc   0x080050cc   0x00000040   Code   RO         7609    i.LSM6DSL_GetCapabilities  lsm6dsl.o
    0x0800510c   0x0800510c   0x00000098   Code   RO         7610    i.LSM6DSL_Init      lsm6dsl.o
    0x080051a4   0x080051a4   0x0000001c   Code   RO         7611    i.LSM6DSL_ReadID    lsm6dsl.o
    0x080051c0   0x080051c0   0x00000080   Code   RO         7613    i.LSM6DSL_RegisterBusIO  lsm6dsl.o
    0x08005240   0x08005240   0x00000020   Code   RO         7616    i.LSM6DSL_Write_Reg  lsm6dsl.o
    0x08005260   0x08005260   0x00000034   Code   RO           15    i.MX_CRC_Init       main.o
    0x08005294   0x08005294   0x00000044   Code   RO           16    i.MX_DMA_Init       main.o
    0x080052d8   0x080052d8   0x000000bc   Code   RO           17    i.MX_GPIO_Init      main.o
    0x08005394   0x08005394   0x0000004c   Code   RO          310    i.MX_I2C1_Init      custom_bus.o
    0x080053e0   0x080053e0   0x00000040   Code   RO           18    i.MX_USART2_UART_Init  main.o
    0x08005420   0x08005420   0x00000004   Code   RO          416    i.MemManage_Handler  stm32l4xx_it.o
    0x08005424   0x08005424   0x00000004   Code   RO          417    i.NMI_Handler       stm32l4xx_it.o
    0x08005428   0x08005428   0x0000018c   Code   RO         1470    i.RCCEx_PLLSAI1_Config  stm32l4xx_hal_rcc_ex.o
    0x080055b4   0x080055b4   0x00000164   Code   RO         1471    i.RCCEx_PLLSAI2_Config  stm32l4xx_hal_rcc_ex.o
    0x08005718   0x08005718   0x0000009c   Code   RO         1358    i.RCC_SetFlashLatencyFromMSIRange  stm32l4xx_hal_rcc.o
    0x080057b4   0x080057b4   0x00000038   Code   RO         9048    i.ReadAccRegWrap    lsm303agr.o
    0x080057ec   0x080057ec   0x00000038   Code   RO         9049    i.ReadMagRegWrap    lsm303agr.o
    0x08005824   0x08005824   0x00000020   Code   RO         7617    i.ReadRegWrap       lsm6dsl.o
    0x08005844   0x08005844   0x0000000a   Code   RO           19    i.StartDefaultTask  main.o
    0x0800584e   0x0800584e   0x00000016   Code   RO         5384    i.SysTick_Handler   cmsis_os2.o
    0x08005864   0x08005864   0x00000080   Code   RO           20    i.SystemClock_Config  main.o
    0x080058e4   0x080058e4   0x00000014   Code   RO         4204    i.SystemInit        system_stm32l4xx.o
    0x080058f8   0x080058f8   0x00000010   Code   RO          418    i.TIM6_DAC_IRQHandler  stm32l4xx_it.o
    0x08005908   0x08005908   0x000000cc   Code   RO         2800    i.TIM_Base_SetConfig  stm32l4xx_hal_tim.o
    0x080059d4   0x080059d4   0x000000f8   Code   RO         3760    i.UART_AdvFeatureConfig  stm32l4xx_hal_uart.o
    0x08005acc   0x08005acc   0x00000072   Code   RO         3761    i.UART_CheckIdleState  stm32l4xx_hal_uart.o
    0x08005b3e   0x08005b3e   0x00000002   PAD
    0x08005b40   0x08005b40   0x0000036e   Code   RO         3777    i.UART_SetConfig    stm32l4xx_hal_uart.o
    0x08005eae   0x08005eae   0x000000f8   Code   RO         3782    i.UART_WaitOnFlagUntilTimeout  stm32l4xx_hal_uart.o
    0x08005fa6   0x08005fa6   0x00000004   Code   RO          419    i.UsageFault_Handler  stm32l4xx_it.o
    0x08005faa   0x08005faa   0x00000038   Code   RO         9050    i.WriteAccRegWrap   lsm303agr.o
    0x08005fe2   0x08005fe2   0x00000038   Code   RO         9051    i.WriteMagRegWrap   lsm303agr.o
    0x0800601a   0x0800601a   0x00000020   Code   RO         7618    i.WriteRegWrap      lsm6dsl.o
    0x0800603a   0x0800603a   0x00000002   PAD
    0x0800603c   0x0800603c   0x00000010   Code   RO         2405    i.__NVIC_GetPriorityGrouping  stm32l4xx_hal_cortex.o
    0x0800604c   0x0800604c   0x00000028   Code   RO         2406    i.__NVIC_SetPriority  stm32l4xx_hal_cortex.o
    0x08006074   0x08006074   0x00000006   Code   RO         5386    i.__get_IPSR        cmsis_os2.o
    0x0800607a   0x0800607a   0x00000054   Code   RO         8080    i.lsm303agr_acceleration_raw_get  lsm303agr_reg.o
    0x080060ce   0x080060ce   0x00000032   Code   RO         8104    i.lsm303agr_mag_block_data_update_set  lsm303agr_reg.o
    0x08006100   0x08006100   0x00000050   Code   RO         8110    i.lsm303agr_mag_data_rate_get  lsm303agr_reg.o
    0x08006150   0x08006150   0x00000032   Code   RO         8111    i.lsm303agr_mag_data_rate_set  lsm303agr_reg.o
    0x08006182   0x08006182   0x00000018   Code   RO         8113    i.lsm303agr_mag_device_id_get  lsm303agr_reg.o
    0x0800619a   0x0800619a   0x00000032   Code   RO         8117    i.lsm303agr_mag_i2c_interface_set  lsm303agr_reg.o
    0x080061cc   0x080061cc   0x00000032   Code   RO         8132    i.lsm303agr_mag_operating_mode_set  lsm303agr_reg.o
    0x080061fe   0x080061fe   0x00000032   Code   RO         8138    i.lsm303agr_mag_self_test_set  lsm303agr_reg.o
    0x08006230   0x08006230   0x00000054   Code   RO         8146    i.lsm303agr_magnetic_raw_get  lsm303agr_reg.o
    0x08006284   0x08006284   0x00000022   Code   RO         8149    i.lsm303agr_read_reg  lsm303agr_reg.o
    0x080062a6   0x080062a6   0x00000022   Code   RO         8163    i.lsm303agr_write_reg  lsm303agr_reg.o
    0x080062c8   0x080062c8   0x00000032   Code   RO         8165    i.lsm303agr_xl_block_data_update_set  lsm303agr_reg.o
    0x080062fa   0x080062fa   0x00000074   Code   RO         8171    i.lsm303agr_xl_data_rate_get  lsm303agr_reg.o
    0x0800636e   0x0800636e   0x00000032   Code   RO         8172    i.lsm303agr_xl_data_rate_set  lsm303agr_reg.o
    0x080063a0   0x080063a0   0x00000018   Code   RO         8174    i.lsm303agr_xl_device_id_get  lsm303agr_reg.o
    0x080063b8   0x080063b8   0x00000032   Code   RO         8180    i.lsm303agr_xl_fifo_mode_set  lsm303agr_reg.o
    0x080063ea   0x080063ea   0x00000050   Code   RO         8190    i.lsm303agr_xl_full_scale_get  lsm303agr_reg.o
    0x0800643a   0x0800643a   0x00000032   Code   RO         8191    i.lsm303agr_xl_full_scale_set  lsm303agr_reg.o
    0x0800646c   0x0800646c   0x0000004c   Code   RO         8222    i.lsm303agr_xl_operating_mode_get  lsm303agr_reg.o
    0x080064b8   0x080064b8   0x00000054   Code   RO         6052    i.lsm6dsl_acceleration_raw_get  lsm6dsl_reg.o
    0x0800650c   0x0800650c   0x00000054   Code   RO         6060    i.lsm6dsl_angular_rate_raw_get  lsm6dsl_reg.o
    0x08006560   0x08006560   0x00000032   Code   RO         6062    i.lsm6dsl_auto_increment_set  lsm6dsl_reg.o
    0x08006592   0x08006592   0x00000032   Code   RO         6064    i.lsm6dsl_block_data_update_set  lsm6dsl_reg.o
    0x080065c4   0x080065c4   0x00000018   Code   RO         6083    i.lsm6dsl_device_id_get  lsm6dsl_reg.o
    0x080065dc   0x080065dc   0x00000032   Code   RO         6098    i.lsm6dsl_fifo_mode_set  lsm6dsl_reg.o
    0x0800660e   0x0800660e   0x0000007c   Code   RO         6131    i.lsm6dsl_gy_data_rate_get  lsm6dsl_reg.o
    0x0800668a   0x0800668a   0x00000032   Code   RO         6132    i.lsm6dsl_gy_data_rate_set  lsm6dsl_reg.o
    0x080066bc   0x080066bc   0x00000056   Code   RO         6134    i.lsm6dsl_gy_full_scale_get  lsm6dsl_reg.o
    0x08006712   0x08006712   0x00000032   Code   RO         6135    i.lsm6dsl_gy_full_scale_set  lsm6dsl_reg.o
    0x08006744   0x08006744   0x00000022   Code   RO         6183    i.lsm6dsl_read_reg  lsm6dsl_reg.o
    0x08006766   0x08006766   0x00000022   Code   RO         6266    i.lsm6dsl_write_reg  lsm6dsl_reg.o
    0x08006788   0x08006788   0x00000082   Code   RO         6267    i.lsm6dsl_xl_data_rate_get  lsm6dsl_reg.o
    0x0800680a   0x0800680a   0x00000032   Code   RO         6268    i.lsm6dsl_xl_data_rate_set  lsm6dsl_reg.o
    0x0800683c   0x0800683c   0x00000050   Code   RO         6272    i.lsm6dsl_xl_full_scale_get  lsm6dsl_reg.o
    0x0800688c   0x0800688c   0x00000032   Code   RO         6273    i.lsm6dsl_xl_full_scale_set  lsm6dsl_reg.o
    0x080068be   0x080068be   0x00000002   PAD
    0x080068c0   0x080068c0   0x00000048   Code   RO           21    i.main              main.o
    0x08006908   0x08006908   0x0000001e   Code   RO         5387    i.osDelay           cmsis_os2.o
    0x08006926   0x08006926   0x00000002   PAD
    0x08006928   0x08006928   0x0000002c   Code   RO         5401    i.osKernelInitialize  cmsis_os2.o
    0x08006954   0x08006954   0x00000060   Code   RO         5404    i.osKernelStart     cmsis_os2.o
    0x080069b4   0x080069b4   0x000000b8   Code   RO         5446    i.osThreadNew       cmsis_os2.o
    0x08006a6c   0x08006a6c   0x0000007c   Code   RO         4821    i.prvAddCurrentTaskToDelayedList  tasks.o
    0x08006ae8   0x08006ae8   0x000000b8   Code   RO         4822    i.prvAddNewTaskToReadyList  tasks.o
    0x08006ba0   0x08006ba0   0x00000074   Code   RO         5197    i.prvCheckForValidListAndQueue  timers.o
    0x08006c14   0x08006c14   0x00000048   Code   RO         4823    i.prvCheckTasksWaitingTermination  tasks.o
    0x08006c5c   0x08006c5c   0x0000002a   Code   RO         4408    i.prvCopyDataFromQueue  queue.o
    0x08006c86   0x08006c86   0x0000007e   Code   RO         4409    i.prvCopyDataToQueue  queue.o
    0x08006d04   0x08006d04   0x00000050   Code   RO         4824    i.prvDeleteTCB      tasks.o
    0x08006d54   0x08006d54   0x00000028   Code   RO         5198    i.prvGetNextExpireTime  timers.o
    0x08006d7c   0x08006d7c   0x0000007c   Code   RO         5914    i.prvHeapInit       heap_4.o
    0x08006df8   0x08006df8   0x00000028   Code   RO         4825    i.prvIdleTask       tasks.o
    0x08006e20   0x08006e20   0x0000002a   Code   RO         4412    i.prvInitialiseNewQueue  queue.o
    0x08006e4a   0x08006e4a   0x000000c4   Code   RO         4826    i.prvInitialiseNewTask  tasks.o
    0x08006f0e   0x08006f0e   0x00000002   PAD
    0x08006f10   0x08006f10   0x00000068   Code   RO         4827    i.prvInitialiseTaskLists  tasks.o
    0x08006f78   0x08006f78   0x00000068   Code   RO         5915    i.prvInsertBlockIntoFreeList  heap_4.o
    0x08006fe0   0x08006fe0   0x00000058   Code   RO         5200    i.prvInsertTimerInActiveList  timers.o
    0x08007038   0x08007038   0x0000001a   Code   RO         4413    i.prvIsQueueEmpty   queue.o
    0x08007052   0x08007052   0x0000001e   Code   RO         4414    i.prvIsQueueFull    queue.o
    0x08007070   0x08007070   0x00000074   Code   RO         5201    i.prvProcessExpiredTimer  timers.o
    0x080070e4   0x080070e4   0x00000164   Code   RO         5202    i.prvProcessReceivedCommands  timers.o
    0x08007248   0x08007248   0x00000074   Code   RO         5203    i.prvProcessTimerOrBlockTask  timers.o
    0x080072bc   0x080072bc   0x00000034   Code   RO         4829    i.prvResetNextTaskUnblockTime  tasks.o
    0x080072f0   0x080072f0   0x0000002c   Code   RO         5204    i.prvSampleTimeNow  timers.o
    0x0800731c   0x0800731c   0x000000a4   Code   RO         5205    i.prvSwitchTimerLists  timers.o
    0x080073c0   0x080073c0   0x00000040   Code   RO         5970    i.prvTaskExitError  port.o
    0x08007400   0x08007400   0x0000001a   Code   RO         5206    i.prvTimerTask      timers.o
    0x0800741a   0x0800741a   0x0000007e   Code   RO         4415    i.prvUnlockQueue    queue.o
    0x08007498   0x08007498   0x0000014c   Code   RO         5916    i.pvPortMalloc      heap_4.o
    0x080075e4   0x080075e4   0x0000002c   Code   RO         5971    i.pxPortInitialiseStack  port.o
    0x08007610   0x08007610   0x00000028   Code   RO         4368    i.uxListRemove      list.o
    0x08007638   0x08007638   0x00000018   Code   RO         5458    i.vApplicationGetIdleTaskMemory  cmsis_os2.o
    0x08007650   0x08007650   0x00000018   Code   RO         5459    i.vApplicationGetTimerTaskMemory  cmsis_os2.o
    0x08007668   0x08007668   0x0000001a   Code   RO         4369    i.vListInitialise   list.o
    0x08007682   0x08007682   0x00000006   Code   RO         4370    i.vListInitialiseItem  list.o
    0x08007688   0x08007688   0x00000034   Code   RO         4371    i.vListInsert       list.o
    0x080076bc   0x080076bc   0x00000018   Code   RO         4372    i.vListInsertEnd    list.o
    0x080076d4   0x080076d4   0x00000054   Code   RO         5973    i.vPortEnterCritical  port.o
    0x08007728   0x08007728   0x0000003c   Code   RO         5974    i.vPortExitCritical  port.o
    0x08007764   0x08007764   0x000000a4   Code   RO         5917    i.vPortFree         heap_4.o
    0x08007808   0x08007808   0x00000028   Code   RO         5975    i.vPortSetupTimerInterrupt  port.o
    0x08007830   0x08007830   0x00000078   Code   RO         5976    i.vPortValidateInterruptPriority  port.o
    0x080078a8   0x080078a8   0x0000002c   Code   RO         4421    i.vQueueAddToRegistry  queue.o
    0x080078d4   0x080078d4   0x0000004a   Code   RO         4425    i.vQueueWaitForMessageRestricted  queue.o
    0x0800791e   0x0800791e   0x00000002   PAD
    0x08007920   0x08007920   0x0000005c   Code   RO         4842    i.vTaskDelay        tasks.o
    0x0800797c   0x0800797c   0x00000018   Code   RO         4847    i.vTaskInternalSetTimeOutState  tasks.o
    0x08007994   0x08007994   0x0000000c   Code   RO         4848    i.vTaskMissedYield  tasks.o
    0x080079a0   0x080079a0   0x00000038   Code   RO         4850    i.vTaskPlaceOnEventList  tasks.o
    0x080079d8   0x080079d8   0x00000040   Code   RO         4851    i.vTaskPlaceOnEventListRestricted  tasks.o
    0x08007a18   0x08007a18   0x000000b8   Code   RO         4859    i.vTaskStartScheduler  tasks.o
    0x08007ad0   0x08007ad0   0x00000010   Code   RO         4861    i.vTaskSuspendAll   tasks.o
    0x08007ae0   0x08007ae0   0x00000090   Code   RO         4862    i.vTaskSwitchContext  tasks.o
    0x08007b70   0x08007b70   0x00000168   Code   RO         5977    i.xPortStartScheduler  port.o
    0x08007cd8   0x08007cd8   0x00000034   Code   RO         5978    i.xPortSysTickHandler  port.o
    0x08007d0c   0x08007d0c   0x000000e0   Code   RO         4431    i.xQueueGenericCreateStatic  queue.o
    0x08007dec   0x08007dec   0x00000098   Code   RO         4432    i.xQueueGenericReset  queue.o
    0x08007e84   0x08007e84   0x000001a8   Code   RO         4433    i.xQueueGenericSend  queue.o
    0x0800802c   0x0800802c   0x00000102   Code   RO         4434    i.xQueueGenericSendFromISR  queue.o
    0x0800812e   0x0800812e   0x00000002   PAD
    0x08008130   0x08008130   0x00000168   Code   RO         4443    i.xQueueReceive     queue.o
    0x08008298   0x08008298   0x0000008c   Code   RO         4864    i.xTaskCheckForTimeOut  tasks.o
    0x08008324   0x08008324   0x0000006a   Code   RO         4865    i.xTaskCreate       tasks.o
    0x0800838e   0x0800838e   0x000000c0   Code   RO         4866    i.xTaskCreateStatic  tasks.o
    0x0800844e   0x0800844e   0x00000002   PAD
    0x08008450   0x08008450   0x00000020   Code   RO         4870    i.xTaskGetSchedulerState  tasks.o
    0x08008470   0x08008470   0x0000000c   Code   RO         4871    i.xTaskGetTickCount  tasks.o
    0x0800847c   0x0800847c   0x00000144   Code   RO         4873    i.xTaskIncrementTick  tasks.o
    0x080085c0   0x080085c0   0x000000a4   Code   RO         4876    i.xTaskPriorityDisinherit  tasks.o
    0x08008664   0x08008664   0x00000098   Code   RO         4878    i.xTaskRemoveFromEventList  tasks.o
    0x080086fc   0x080086fc   0x00000104   Code   RO         4879    i.xTaskResumeAll    tasks.o
    0x08008800   0x08008800   0x00000078   Code   RO         5215    i.xTimerCreateTimerTask  timers.o
    0x08008878   0x08008878   0x00000084   Code   RO         5216    i.xTimerGenericCommand  timers.o
    0x080088fc   0x080088fc   0x0000000a   Code   RO        11265    x$fpl$fpinit        fz_wm.l(fpinit.o)
    0x08008906   0x08008906   0x00000002   PAD
    0x08008908   0x08008908   0x00000024   Data   RO           23    .constdata          main.o
    0x0800892c   0x0800892c   0x00000048   Data   RO         4205    .constdata          system_stm32l4xx.o
    0x08008974   0x08008974   0x0000000c   Data   RO           24    .conststring        main.o
    0x08008980   0x08008980   0x00000020   Data   RO        11323    Region$$Table       anon$$obj.o


    Execution Region RW_IRAM2 (Exec base: 0x10000000, Load base: 0x08008a54, Size: 0x00000000, Max: 0x00008000, ABSOLUTE)

    **** No section assigned to this execution region ****


    Execution Region RW_IRAM1 (Exec base: 0x20000000, Load base: 0x080089a0, Size: 0x00002318, Max: 0x00018000, ABSOLUTE, COMPRESSED[0x000000b4])

    Exec Addr    Load Addr    Size         Type   Attr      Idx    E Section Name        Object

    0x20000000   COMPRESSED   0x00000004   Data   RW           25    .data               main.o
    0x20000004   COMPRESSED   0x00000004   Data   RW          312    .data               custom_bus.o
    0x20000008   COMPRESSED   0x00000009   Data   RW         1145    .data               stm32l4xx_hal.o
    0x20000011   COMPRESSED   0x00000003   PAD
    0x20000014   COMPRESSED   0x00000004   Data   RW         4206    .data               system_stm32l4xx.o
    0x20000018   COMPRESSED   0x0000003c   Data   RW         4882    .data               tasks.o
    0x20000054   COMPRESSED   0x00000014   Data   RW         5224    .data               timers.o
    0x20000068   COMPRESSED   0x00000004   Data   RW         5461    .data               cmsis_os2.o
    0x2000006c   COMPRESSED   0x00000020   Data   RW         5923    .data               heap_4.o
    0x2000008c   COMPRESSED   0x0000000c   Data   RW         5979    .data               port.o
    0x20000098   COMPRESSED   0x00000058   Data   RW         7619    .data               lsm6dsl.o
    0x200000f0   COMPRESSED   0x00000068   Data   RW         9052    .data               lsm303agr.o
    0x20000158   COMPRESSED   0x00000014   Data   RW        10464    .data               iks01a2_motion_sensors.o
    0x2000016c        -       0x000000a8   Zero   RW           22    .bss                main.o
    0x20000214        -       0x000000e4   Zero   RW          311    .bss                custom_bus.o
    0x200002f8        -       0x0000004c   Zero   RW          548    .bss                stm32l4xx_hal_timebase_tim.o
    0x20000344        -       0x00000040   Zero   RW         4447    .bss                queue.o
    0x20000384        -       0x000004c4   Zero   RW         4881    .bss                tasks.o
    0x20000848        -       0x00000118   Zero   RW         5223    .bss                timers.o
    0x20000960        -       0x000006b8   Zero   RW         5460    .bss                cmsis_os2.o
    0x20001018        -       0x00000bb8   Zero   RW         5922    .bss                heap_4.o
    0x20001bd0        -       0x000000e8   Zero   RW        10463    .bss                iks01a2_motion_sensors.o
    0x20001cb8        -       0x00000060   Zero   RW        11195    .bss                c_w.l(libspace.o)
    0x20001d18        -       0x00000200   Zero   RW            2    HEAP                startup_stm32l476xx.o
    0x20001f18        -       0x00000400   Zero   RW            1    STACK               startup_stm32l476xx.o


==============================================================================

Image component sizes


      Code (inc. data)   RO Data    RW Data    ZI Data      Debug   Object Name

       430         38          0          4       1720      65335   cmsis_os2.o
       744         66          0          4        228       6224   custom_bus.o
         0          0          0          0          0      19512   event_groups.o
       724         74          0         32       3000       4939   heap_4.o
      1204        178          0         20        232       4613   iks01a2_motion_sensors.o
       148          0          0          0          0       3638   list.o
      3036        182          0        104          0      33846   lsm303agr.o
      1086         10          0          0          0      25627   lsm303agr_reg.o
      3024        296          0         88          0      27265   lsm6dsl.o
      1030         32          0          0          0      12766   lsm6dsl_reg.o
       612         54         48          4        168     909249   main.o
      1046         92          0         12          0      11833   port.o
      1928         20          0          0         64      17600   queue.o
        64         26        392          0       1536        856   startup_stm32l476xx.o
        66         14          0          9          0      13142   stm32l4xx_hal.o
       334         28          0          0          0      34408   stm32l4xx_hal_cortex.o
       132          4          0          0          0       1147   stm32l4xx_hal_crc.o
       102          0          0          0          0       1235   stm32l4xx_hal_crc_ex.o
       818         18          0          0          0       4043   stm32l4xx_hal_dma.o
       846         70          0          0          0       2978   stm32l4xx_hal_gpio.o
      3864         62          0          0          0      27391   stm32l4xx_hal_i2c.o
       210          0          0          0          0       1983   stm32l4xx_hal_i2c_ex.o
       268         22          0          0          0       2267   stm32l4xx_hal_msp.o
        20          6          0          0          0        559   stm32l4xx_hal_pwr.o
       156         18          0          0          0       1382   stm32l4xx_hal_pwr_ex.o
      2748        120          0          0          0       8105   stm32l4xx_hal_rcc.o
      2008         54          0          0          0       4553   stm32l4xx_hal_rcc_ex.o
       932         64          0          0          0       6650   stm32l4xx_hal_tim.o
         6          0          0          0          0       2240   stm32l4xx_hal_tim_ex.o
       176         22          0          0         76       1499   stm32l4xx_hal_timebase_tim.o
      1604         56          0          0          0       5417   stm32l4xx_hal_uart.o
       102         30          0          0          0       5463   stm32l4xx_it.o
         0          0          0          0          0        392   stream_buffer.o
        20          6         72          4          0       1221   system_stm32l4xx.o
      2826        346          0         60       1220      27794   tasks.o
      1318        124          0         20        280      33095   timers.o

    ----------------------------------------------------------------------
     33694       2132        544        364       8524    1330267   Object Totals
         0          0         32          0          0          0   (incl. Generated)
        62          0          0          3          0          0   (incl. Padding)

    ----------------------------------------------------------------------

      Code (inc. data)   RO Data    RW Data    ZI Data      Debug   Library Member Name

        90          0          0          0          0          0   __dczerorl2.o
         8          0          0          0          0         68   __main.o
         0          0          0          0          0          0   __rtentry.o
        12          0          0          0          0          0   __rtentry2.o
         6          0          0          0          0          0   __rtentry4.o
        52          8          0          0          0          0   __scatter.o
        28          0          0          0          0          0   __scatter_zi.o
        16          0          0          0          0         68   aeabi_memset.o
        18          0          0          0          0         80   exit.o
         6          0          0          0          0        152   heapauxi.o
         0          0          0          0          0          0   indicate_semi.o
         2          0          0          0          0          0   libinit.o
         6          0          0          0          0          0   libinit2.o
         2          0          0          0          0          0   libshutdown.o
         2          0          0          0          0          0   libshutdown2.o
         8          4          0          0         96         68   libspace.o
       238          0          0          0          0        100   lludivv7m.o
        68          0          0          0          0         68   rt_memclr.o
        78          0          0          0          0         80   rt_memclr_w.o
       138          0          0          0          0         68   rt_memcpy_v6.o
       100          0          0          0          0         80   rt_memcpy_w.o
         2          0          0          0          0          0   rtexit.o
        10          0          0          0          0          0   rtexit2.o
        12          4          0          0          0         68   sys_exit.o
        74          0          0          0          0         80   sys_stackheap_outer.o
         2          0          0          0          0         68   use_no_semi.o
        10          0          0          0          0        116   fpinit.o

    ----------------------------------------------------------------------
       994         16          0          0         96       1164   Library Totals
         6          0          0          0          0          0   (incl. Padding)

    ----------------------------------------------------------------------

      Code (inc. data)   RO Data    RW Data    ZI Data      Debug   Library Name

       978         16          0          0         96       1048   c_w.l
        10          0          0          0          0        116   fz_wm.l

    ----------------------------------------------------------------------
       994         16          0          0         96       1164   Library Totals

    ----------------------------------------------------------------------

==============================================================================


      Code (inc. data)   RO Data    RW Data    ZI Data      Debug   

     34688       2148        544        364       8620    1301563   Grand Totals
     34688       2148        544        180       8620    1301563   ELF Image Totals (compressed)
     34688       2148        544        180          0          0   ROM Totals

==============================================================================

    Total RO  Size (Code + RO Data)                35232 (  34.41kB)
    Total RW  Size (RW Data + ZI Data)              8984 (   8.77kB)
    Total ROM Size (Code + RO Data + RW Data)      35412 (  34.58kB)

==============================================================================

